Archive member included to satisfy reference by file (symbol)

c:/st/stm32cubeide_1.1.0/stm32cubeide/plugins/com.st.stm32cube.ide.mcu.externaltools.gnu-tools-for-stm32.7-2018-q2-update.win32_1.0.0.201904181610/tools/bin/../lib/gcc/arm-none-eabi/7.3.1/../../../../arm-none-eabi/lib/thumb/v7e-m/fpv4-sp/hard\libc_nano.a(lib_a-errno.o)
                              Core/Src/syscalls.o (__errno)
c:/st/stm32cubeide_1.1.0/stm32cubeide/plugins/com.st.stm32cube.ide.mcu.externaltools.gnu-tools-for-stm32.7-2018-q2-update.win32_1.0.0.201904181610/tools/bin/../lib/gcc/arm-none-eabi/7.3.1/../../../../arm-none-eabi/lib/thumb/v7e-m/fpv4-sp/hard\libc_nano.a(lib_a-exit.o)
                              c:/st/stm32cubeide_1.1.0/stm32cubeide/plugins/com.st.stm32cube.ide.mcu.externaltools.gnu-tools-for-stm32.7-2018-q2-update.win32_1.0.0.201904181610/tools/bin/../lib/gcc/arm-none-eabi/7.3.1/../../../../arm-none-eabi/lib/thumb/v7e-m/fpv4-sp/hard/crt0.o (exit)
c:/st/stm32cubeide_1.1.0/stm32cubeide/plugins/com.st.stm32cube.ide.mcu.externaltools.gnu-tools-for-stm32.7-2018-q2-update.win32_1.0.0.201904181610/tools/bin/../lib/gcc/arm-none-eabi/7.3.1/../../../../arm-none-eabi/lib/thumb/v7e-m/fpv4-sp/hard\libc_nano.a(lib_a-impure.o)
                              c:/st/stm32cubeide_1.1.0/stm32cubeide/plugins/com.st.stm32cube.ide.mcu.externaltools.gnu-tools-for-stm32.7-2018-q2-update.win32_1.0.0.201904181610/tools/bin/../lib/gcc/arm-none-eabi/7.3.1/../../../../arm-none-eabi/lib/thumb/v7e-m/fpv4-sp/hard\libc_nano.a(lib_a-exit.o) (_global_impure_ptr)
c:/st/stm32cubeide_1.1.0/stm32cubeide/plugins/com.st.stm32cube.ide.mcu.externaltools.gnu-tools-for-stm32.7-2018-q2-update.win32_1.0.0.201904181610/tools/bin/../lib/gcc/arm-none-eabi/7.3.1/../../../../arm-none-eabi/lib/thumb/v7e-m/fpv4-sp/hard\libc_nano.a(lib_a-init.o)
                              c:/st/stm32cubeide_1.1.0/stm32cubeide/plugins/com.st.stm32cube.ide.mcu.externaltools.gnu-tools-for-stm32.7-2018-q2-update.win32_1.0.0.201904181610/tools/bin/../lib/gcc/arm-none-eabi/7.3.1/../../../../arm-none-eabi/lib/thumb/v7e-m/fpv4-sp/hard/crt0.o (__libc_init_array)
c:/st/stm32cubeide_1.1.0/stm32cubeide/plugins/com.st.stm32cube.ide.mcu.externaltools.gnu-tools-for-stm32.7-2018-q2-update.win32_1.0.0.201904181610/tools/bin/../lib/gcc/arm-none-eabi/7.3.1/../../../../arm-none-eabi/lib/thumb/v7e-m/fpv4-sp/hard\libc_nano.a(lib_a-memset.o)
                              c:/st/stm32cubeide_1.1.0/stm32cubeide/plugins/com.st.stm32cube.ide.mcu.externaltools.gnu-tools-for-stm32.7-2018-q2-update.win32_1.0.0.201904181610/tools/bin/../lib/gcc/arm-none-eabi/7.3.1/../../../../arm-none-eabi/lib/thumb/v7e-m/fpv4-sp/hard/crt0.o (memset)
c:/st/stm32cubeide_1.1.0/stm32cubeide/plugins/com.st.stm32cube.ide.mcu.externaltools.gnu-tools-for-stm32.7-2018-q2-update.win32_1.0.0.201904181610/tools/bin/../lib/gcc/arm-none-eabi/7.3.1/thumb/v7e-m/fpv4-sp/hard\libgcc.a(_aeabi_uldivmod.o)
                              Drivers/STM32F4xx_HAL_Driver/Src/stm32f4xx_hal_rcc.o (__aeabi_uldivmod)
c:/st/stm32cubeide_1.1.0/stm32cubeide/plugins/com.st.stm32cube.ide.mcu.externaltools.gnu-tools-for-stm32.7-2018-q2-update.win32_1.0.0.201904181610/tools/bin/../lib/gcc/arm-none-eabi/7.3.1/thumb/v7e-m/fpv4-sp/hard\libgcc.a(_udivmoddi4.o)
                              c:/st/stm32cubeide_1.1.0/stm32cubeide/plugins/com.st.stm32cube.ide.mcu.externaltools.gnu-tools-for-stm32.7-2018-q2-update.win32_1.0.0.201904181610/tools/bin/../lib/gcc/arm-none-eabi/7.3.1/thumb/v7e-m/fpv4-sp/hard\libgcc.a(_aeabi_uldivmod.o) (__udivmoddi4)
c:/st/stm32cubeide_1.1.0/stm32cubeide/plugins/com.st.stm32cube.ide.mcu.externaltools.gnu-tools-for-stm32.7-2018-q2-update.win32_1.0.0.201904181610/tools/bin/../lib/gcc/arm-none-eabi/7.3.1/thumb/v7e-m/fpv4-sp/hard\libgcc.a(_dvmd_tls.o)
                              c:/st/stm32cubeide_1.1.0/stm32cubeide/plugins/com.st.stm32cube.ide.mcu.externaltools.gnu-tools-for-stm32.7-2018-q2-update.win32_1.0.0.201904181610/tools/bin/../lib/gcc/arm-none-eabi/7.3.1/thumb/v7e-m/fpv4-sp/hard\libgcc.a(_aeabi_uldivmod.o) (__aeabi_ldiv0)

Allocating common symbols
Common symbol       size              file

input               0x410             Core/Src/FL.o
uwTick              0x4               Drivers/STM32F4xx_HAL_Driver/Src/stm32f4xx_hal.o
temp                0x4               Core/Src/FL.o
pFlash              0x20              Drivers/STM32F4xx_HAL_Driver/Src/stm32f4xx_hal_flash.o
VGA                 0xc               Core/Src/FL.o
VGA_RAM1            0x12cf0           Core/Src/FL.o
htim1               0x40              Core/Src/tim.o
hdma_tim1_up        0x60              Core/Src/tim.o
htim2               0x40              Core/Src/tim.o
huart2              0x40              Core/Src/usart.o
container           0x400             Core/Src/FL.o

Discarded input sections

[...]
Memory Configuration

Name             Origin             Length             Attributes
CCMRAM           0x0000000010000000 0x0000000000010000 xrw
RAM              0x0000000020000000 0x0000000000020000 xrw
FLASH            0x0000000008000000 0x0000000000100000 xr
*default*        0x0000000000000000 0xffffffffffffffff

Linker script and memory map

LOAD c:/st/stm32cubeide_1.1.0/stm32cubeide/plugins/com.st.stm32cube.ide.mcu.externaltools.gnu-tools-for-stm32.7-2018-q2-update.win32_1.0.0.201904181610/tools/bin/../lib/gcc/arm-none-eabi/7.3.1/thumb/v7e-m/fpv4-sp/hard/crti.o
LOAD c:/st/stm32cubeide_1.1.0/stm32cubeide/plugins/com.st.stm32cube.ide.mcu.externaltools.gnu-tools-for-stm32.7-2018-q2-update.win32_1.0.0.201904181610/tools/bin/../lib/gcc/arm-none-eabi/7.3.1/thumb/v7e-m/fpv4-sp/hard/crtbegin.o
LOAD c:/st/stm32cubeide_1.1.0/stm32cubeide/plugins/com.st.stm32cube.ide.mcu.externaltools.gnu-tools-for-stm32.7-2018-q2-update.win32_1.0.0.201904181610/tools/bin/../lib/gcc/arm-none-eabi/7.3.1/../../../../arm-none-eabi/lib/thumb/v7e-m/fpv4-sp/hard/crt0.o
LOAD Core/Src/FL.o
LOAD Core/Src/dma.o
LOAD Core/Src/gpio.o
LOAD Core/Src/main.o
LOAD Core/Src/stm32f4xx_hal_msp.o
LOAD Core/Src/stm32f4xx_it.o
LOAD Core/Src/syscalls.o
LOAD Core/Src/sysmem.o
LOAD Core/Src/system_stm32f4xx.o
LOAD Core/Src/tim.o
LOAD Core/Src/usart.o
LOAD Core/Startup/startup_stm32f407vgtx.o
LOAD Core/ub_lib/stm32_ub_vga_screen.o
LOAD Drivers/STM32F4xx_HAL_Driver/Src/stm32f4xx_hal.o
LOAD Drivers/STM32F4xx_HAL_Driver/Src/stm32f4xx_hal_cortex.o
LOAD Drivers/STM32F4xx_HAL_Driver/Src/stm32f4xx_hal_dma.o
LOAD Drivers/STM32F4xx_HAL_Driver/Src/stm32f4xx_hal_dma_ex.o
LOAD Drivers/STM32F4xx_HAL_Driver/Src/stm32f4xx_hal_exti.o
LOAD Drivers/STM32F4xx_HAL_Driver/Src/stm32f4xx_hal_flash.o
LOAD Drivers/STM32F4xx_HAL_Driver/Src/stm32f4xx_hal_flash_ex.o
LOAD Drivers/STM32F4xx_HAL_Driver/Src/stm32f4xx_hal_flash_ramfunc.o
LOAD Drivers/STM32F4xx_HAL_Driver/Src/stm32f4xx_hal_gpio.o
LOAD Drivers/STM32F4xx_HAL_Driver/Src/stm32f4xx_hal_pwr.o
LOAD Drivers/STM32F4xx_HAL_Driver/Src/stm32f4xx_hal_pwr_ex.o
LOAD Drivers/STM32F4xx_HAL_Driver/Src/stm32f4xx_hal_rcc.o
LOAD Drivers/STM32F4xx_HAL_Driver/Src/stm32f4xx_hal_rcc_ex.o
LOAD Drivers/STM32F4xx_HAL_Driver/Src/stm32f4xx_hal_tim.o
LOAD Drivers/STM32F4xx_HAL_Driver/Src/stm32f4xx_hal_tim_ex.o
LOAD Drivers/STM32F4xx_HAL_Driver/Src/stm32f4xx_hal_uart.o
START GROUP
LOAD c:/st/stm32cubeide_1.1.0/stm32cubeide/plugins/com.st.stm32cube.ide.mcu.externaltools.gnu-tools-for-stm32.7-2018-q2-update.win32_1.0.0.201904181610/tools/bin/../lib/gcc/arm-none-eabi/7.3.1/../../../../arm-none-eabi/lib/thumb/v7e-m/fpv4-sp/hard\libc_nano.a
LOAD c:/st/stm32cubeide_1.1.0/stm32cubeide/plugins/com.st.stm32cube.ide.mcu.externaltools.gnu-tools-for-stm32.7-2018-q2-update.win32_1.0.0.201904181610/tools/bin/../lib/gcc/arm-none-eabi/7.3.1/../../../../arm-none-eabi/lib/thumb/v7e-m/fpv4-sp/hard\libm.a
END GROUP
START GROUP
LOAD c:/st/stm32cubeide_1.1.0/stm32cubeide/plugins/com.st.stm32cube.ide.mcu.externaltools.gnu-tools-for-stm32.7-2018-q2-update.win32_1.0.0.201904181610/tools/bin/../lib/gcc/arm-none-eabi/7.3.1/thumb/v7e-m/fpv4-sp/hard\libgcc.a
LOAD c:/st/stm32cubeide_1.1.0/stm32cubeide/plugins/com.st.stm32cube.ide.mcu.externaltools.gnu-tools-for-stm32.7-2018-q2-update.win32_1.0.0.201904181610/tools/bin/../lib/gcc/arm-none-eabi/7.3.1/../../../../arm-none-eabi/lib/thumb/v7e-m/fpv4-sp/hard\libc_nano.a
END GROUP
START GROUP
LOAD c:/st/stm32cubeide_1.1.0/stm32cubeide/plugins/com.st.stm32cube.ide.mcu.externaltools.gnu-tools-for-stm32.7-2018-q2-update.win32_1.0.0.201904181610/tools/bin/../lib/gcc/arm-none-eabi/7.3.1/thumb/v7e-m/fpv4-sp/hard\libgcc.a
LOAD c:/st/stm32cubeide_1.1.0/stm32cubeide/plugins/com.st.stm32cube.ide.mcu.externaltools.gnu-tools-for-stm32.7-2018-q2-update.win32_1.0.0.201904181610/tools/bin/../lib/gcc/arm-none-eabi/7.3.1/../../../../arm-none-eabi/lib/thumb/v7e-m/fpv4-sp/hard\libc_nano.a
LOAD c:/st/stm32cubeide_1.1.0/stm32cubeide/plugins/com.st.stm32cube.ide.mcu.externaltools.gnu-tools-for-stm32.7-2018-q2-update.win32_1.0.0.201904181610/tools/bin/../lib/gcc/arm-none-eabi/7.3.1/../../../../arm-none-eabi/lib/thumb/v7e-m/fpv4-sp/hard\libnosys.a
END GROUP
START GROUP
LOAD c:/st/stm32cubeide_1.1.0/stm32cubeide/plugins/com.st.stm32cube.ide.mcu.externaltools.gnu-tools-for-stm32.7-2018-q2-update.win32_1.0.0.201904181610/tools/bin/../lib/gcc/arm-none-eabi/7.3.1/thumb/v7e-m/fpv4-sp/hard\libgcc.a
LOAD c:/st/stm32cubeide_1.1.0/stm32cubeide/plugins/com.st.stm32cube.ide.mcu.externaltools.gnu-tools-for-stm32.7-2018-q2-update.win32_1.0.0.201904181610/tools/bin/../lib/gcc/arm-none-eabi/7.3.1/../../../../arm-none-eabi/lib/thumb/v7e-m/fpv4-sp/hard\libc_nano.a
LOAD c:/st/stm32cubeide_1.1.0/stm32cubeide/plugins/com.st.stm32cube.ide.mcu.externaltools.gnu-tools-for-stm32.7-2018-q2-update.win32_1.0.0.201904181610/tools/bin/../lib/gcc/arm-none-eabi/7.3.1/../../../../arm-none-eabi/lib/thumb/v7e-m/fpv4-sp/hard\libnosys.a
END GROUP
LOAD c:/st/stm32cubeide_1.1.0/stm32cubeide/plugins/com.st.stm32cube.ide.mcu.externaltools.gnu-tools-for-stm32.7-2018-q2-update.win32_1.0.0.201904181610/tools/bin/../lib/gcc/arm-none-eabi/7.3.1/thumb/v7e-m/fpv4-sp/hard/crtend.o
LOAD c:/st/stm32cubeide_1.1.0/stm32cubeide/plugins/com.st.stm32cube.ide.mcu.externaltools.gnu-tools-for-stm32.7-2018-q2-update.win32_1.0.0.201904181610/tools/bin/../lib/gcc/arm-none-eabi/7.3.1/thumb/v7e-m/fpv4-sp/hard/crtn.o
                0x0000000020020000                _estack = (ORIGIN (RAM) + LENGTH (RAM))
                0x0000000000000200                _Min_Heap_Size = 0x200
                0x0000000000000400                _Min_Stack_Size = 0x400

.isr_vector     0x0000000008000000      0x188
                0x0000000008000000                . = ALIGN (0x4)
 *(.isr_vector)
 .isr_vector    0x0000000008000000      0x188 Core/Startup/startup_stm32f407vgtx.o
                0x0000000008000000                g_pfnVectors
                0x0000000008000188                . = ALIGN (0x4)

.text           0x0000000008000188     0x434c
                0x0000000008000188                . = ALIGN (0x4)
 *(.text)
 .text          0x0000000008000188       0x40 c:/st/stm32cubeide_1.1.0/stm32cubeide/plugins/com.st.stm32cube.ide.mcu.externaltools.gnu-tools-for-stm32.7-2018-q2-update.win32_1.0.0.201904181610/tools/bin/../lib/gcc/arm-none-eabi/7.3.1/thumb/v7e-m/fpv4-sp/hard/crtbegin.o
 .text          0x00000000080001c8       0x30 c:/st/stm32cubeide_1.1.0/stm32cubeide/plugins/com.st.stm32cube.ide.mcu.externaltools.gnu-tools-for-stm32.7-2018-q2-update.win32_1.0.0.201904181610/tools/bin/../lib/gcc/arm-none-eabi/7.3.1/thumb/v7e-m/fpv4-sp/hard\libgcc.a(_aeabi_uldivmod.o)
                0x00000000080001c8                __aeabi_uldivmod
 .text          0x00000000080001f8      0x2cc c:/st/stm32cubeide_1.1.0/stm32cubeide/plugins/com.st.stm32cube.ide.mcu.externaltools.gnu-tools-for-stm32.7-2018-q2-update.win32_1.0.0.201904181610/tools/bin/../lib/gcc/arm-none-eabi/7.3.1/thumb/v7e-m/fpv4-sp/hard\libgcc.a(_udivmoddi4.o)
                0x00000000080001f8                __udivmoddi4
 .text          0x00000000080004c4        0x4 c:/st/stm32cubeide_1.1.0/stm32cubeide/plugins/com.st.stm32cube.ide.mcu.externaltools.gnu-tools-for-stm32.7-2018-q2-update.win32_1.0.0.201904181610/tools/bin/../lib/gcc/arm-none-eabi/7.3.1/thumb/v7e-m/fpv4-sp/hard\libgcc.a(_dvmd_tls.o)
                0x00000000080004c4                __aeabi_idiv0
                0x00000000080004c4                __aeabi_ldiv0
 *(.text*)
 .text.FL_uart_decode
                0x00000000080004c8       0xcc Core/Src/FL.o
                0x00000000080004c8                FL_uart_decode
 .text.FL_find_decode_nr
                0x0000000008000594       0x98 Core/Src/FL.o
                0x0000000008000594                FL_find_decode_nr
 .text.FL_find_args
                0x000000000800062c      0x110 Core/Src/FL.o
                0x000000000800062c                FL_find_args
 .text.FL_convert_args
                0x000000000800073c       0x48 Core/Src/FL.o
                0x000000000800073c                FL_convert_args
 .text.FL_error_handler
                0x0000000008000784        0x6 Core/Src/FL.o
                0x0000000008000784                FL_error_handler
 *fill*         0x000000000800078a        0x2 
 .text.MX_DMA_Init
                0x000000000800078c       0x40 Core/Src/dma.o
                0x000000000800078c                MX_DMA_Init
 .text.MX_GPIO_Init
                0x00000000080007cc       0xf0 Core/Src/gpio.o
                0x00000000080007cc                MX_GPIO_Init
 .text.main     0x00000000080008bc       0xd8 Core/Src/main.o
                0x00000000080008bc                main
 .text.SystemClock_Config
                0x0000000008000994       0xd4 Core/Src/main.o
                0x0000000008000994                SystemClock_Config
 .text.Error_Handler
                0x0000000008000a68        0xe Core/Src/main.o
                0x0000000008000a68                Error_Handler
 *fill*         0x0000000008000a76        0x2 
 .text.HAL_MspInit
                0x0000000008000a78       0x50 Core/Src/stm32f4xx_hal_msp.o
                0x0000000008000a78                HAL_MspInit
 .text.NMI_Handler
                0x0000000008000ac8        0xe Core/Src/stm32f4xx_it.o
                0x0000000008000ac8                NMI_Handler
 .text.HardFault_Handler
                0x0000000008000ad6        0x6 Core/Src/stm32f4xx_it.o
                0x0000000008000ad6                HardFault_Handler
 .text.MemManage_Handler
                0x0000000008000adc        0x6 Core/Src/stm32f4xx_it.o
                0x0000000008000adc                MemManage_Handler
 .text.BusFault_Handler
                0x0000000008000ae2        0x6 Core/Src/stm32f4xx_it.o
                0x0000000008000ae2                BusFault_Handler
 .text.UsageFault_Handler
                0x0000000008000ae8        0x6 Core/Src/stm32f4xx_it.o
                0x0000000008000ae8                UsageFault_Handler
 .text.SVC_Handler
                0x0000000008000aee        0xe Core/Src/stm32f4xx_it.o
                0x0000000008000aee                SVC_Handler
 .text.DebugMon_Handler
                0x0000000008000afc        0xe Core/Src/stm32f4xx_it.o
                0x0000000008000afc                DebugMon_Handler
 .text.PendSV_Handler
                0x0000000008000b0a        0xe Core/Src/stm32f4xx_it.o
                0x0000000008000b0a                PendSV_Handler
 .text.SysTick_Handler
                0x0000000008000b18        0xc Core/Src/stm32f4xx_it.o
                0x0000000008000b18                SysTick_Handler
 .text.TIM2_IRQHandler
                0x0000000008000b24       0xc4 Core/Src/stm32f4xx_it.o
                0x0000000008000b24                TIM2_IRQHandler
 .text.USART2_IRQHandler
                0x0000000008000be8       0x74 Core/Src/stm32f4xx_it.o
                0x0000000008000be8                USART2_IRQHandler
 .text.DMA2_Stream5_IRQHandler
                0x0000000008000c5c       0x54 Core/Src/stm32f4xx_it.o
                0x0000000008000c5c                DMA2_Stream5_IRQHandler
 .text.SystemInit
                0x0000000008000cb0       0x2c Core/Src/system_stm32f4xx.o
                0x0000000008000cb0                SystemInit
 .text.MX_TIM1_Init
                0x0000000008000cdc       0xa0 Core/Src/tim.o
                0x0000000008000cdc                MX_TIM1_Init
 .text.MX_TIM2_Init
                0x0000000008000d7c       0xd0 Core/Src/tim.o
                0x0000000008000d7c                MX_TIM2_Init
 .text.HAL_TIM_Base_MspInit
                0x0000000008000e4c       0xa4 Core/Src/tim.o
                0x0000000008000e4c                HAL_TIM_Base_MspInit
 .text.HAL_TIM_PWM_MspInit
                0x0000000008000ef0       0x4c Core/Src/tim.o
                0x0000000008000ef0                HAL_TIM_PWM_MspInit
 .text.HAL_TIM_MspPostInit
                0x0000000008000f3c       0x70 Core/Src/tim.o
                0x0000000008000f3c                HAL_TIM_MspPostInit
 .text.MX_USART2_UART_Init
                0x0000000008000fac       0x54 Core/Src/usart.o
                0x0000000008000fac                MX_USART2_UART_Init
 .text.HAL_UART_MspInit
                0x0000000008001000       0xa0 Core/Src/usart.o
                0x0000000008001000                HAL_UART_MspInit
 .text.Reset_Handler
                0x00000000080010a0       0x50 Core/Startup/startup_stm32f407vgtx.o
                0x00000000080010a0                Reset_Handler
 .text.Default_Handler
                0x00000000080010f0        0x2 Core/Startup/startup_stm32f407vgtx.o
                0x00000000080010f0                RTC_Alarm_IRQHandler
                0x00000000080010f0                HASH_RNG_IRQHandler
                0x00000000080010f0                EXTI2_IRQHandler
                0x00000000080010f0                TIM8_CC_IRQHandler
                0x00000000080010f0                TIM1_CC_IRQHandler
                0x00000000080010f0                DMA1_Stream5_IRQHandler
                0x00000000080010f0                PVD_IRQHandler
                0x00000000080010f0                SDIO_IRQHandler
                0x00000000080010f0                TAMP_STAMP_IRQHandler
                0x00000000080010f0                CAN2_RX1_IRQHandler
                0x00000000080010f0                EXTI3_IRQHandler
                0x00000000080010f0                TIM8_TRG_COM_TIM14_IRQHandler
                0x00000000080010f0                TIM1_UP_TIM10_IRQHandler
                0x00000000080010f0                TIM8_UP_TIM13_IRQHandler
                0x00000000080010f0                I2C3_ER_IRQHandler
                0x00000000080010f0                EXTI0_IRQHandler
                0x00000000080010f0                I2C2_EV_IRQHandler
                0x00000000080010f0                DMA1_Stream2_IRQHandler
                0x00000000080010f0                CAN1_RX0_IRQHandler
                0x00000000080010f0                FPU_IRQHandler
                0x00000000080010f0                OTG_HS_WKUP_IRQHandler
                0x00000000080010f0                CAN2_SCE_IRQHandler
                0x00000000080010f0                DMA2_Stream2_IRQHandler
                0x00000000080010f0                SPI1_IRQHandler
                0x00000000080010f0                TIM6_DAC_IRQHandler
                0x00000000080010f0                TIM1_BRK_TIM9_IRQHandler
                0x00000000080010f0                DCMI_IRQHandler
                0x00000000080010f0                CAN2_RX0_IRQHandler
                0x00000000080010f0                DMA2_Stream3_IRQHandler
                0x00000000080010f0                USART6_IRQHandler
                0x00000000080010f0                USART3_IRQHandler
                0x00000000080010f0                CAN1_RX1_IRQHandler
                0x00000000080010f0                UART5_IRQHandler
                0x00000000080010f0                DMA2_Stream0_IRQHandler
                0x00000000080010f0                TIM4_IRQHandler
                0x00000000080010f0                I2C1_EV_IRQHandler
                0x00000000080010f0                DMA1_Stream6_IRQHandler
                0x00000000080010f0                DMA1_Stream1_IRQHandler
                0x00000000080010f0                UART4_IRQHandler
                0x00000000080010f0                TIM3_IRQHandler
                0x00000000080010f0                RCC_IRQHandler
                0x00000000080010f0                TIM8_BRK_TIM12_IRQHandler
                0x00000000080010f0                Default_Handler
                0x00000000080010f0                EXTI15_10_IRQHandler
                0x00000000080010f0                ADC_IRQHandler
                0x00000000080010f0                DMA1_Stream7_IRQHandler
                0x00000000080010f0                TIM7_IRQHandler
                0x00000000080010f0                CAN2_TX_IRQHandler
                0x00000000080010f0                TIM5_IRQHandler
                0x00000000080010f0                DMA2_Stream7_IRQHandler
                0x00000000080010f0                I2C3_EV_IRQHandler
                0x00000000080010f0                EXTI9_5_IRQHandler
                0x00000000080010f0                RTC_WKUP_IRQHandler
                0x00000000080010f0                ETH_WKUP_IRQHandler
                0x00000000080010f0                SPI2_IRQHandler
                0x00000000080010f0                OTG_HS_EP1_IN_IRQHandler
                0x00000000080010f0                DMA1_Stream0_IRQHandler
                0x00000000080010f0                CAN1_TX_IRQHandler
                0x00000000080010f0                EXTI4_IRQHandler
                0x00000000080010f0                FSMC_IRQHandler
                0x00000000080010f0                ETH_IRQHandler
                0x00000000080010f0                OTG_HS_EP1_OUT_IRQHandler
                0x00000000080010f0                WWDG_IRQHandler
                0x00000000080010f0                OTG_FS_WKUP_IRQHandler
                0x00000000080010f0                TIM1_TRG_COM_TIM11_IRQHandler
                0x00000000080010f0                OTG_HS_IRQHandler
                0x00000000080010f0                EXTI1_IRQHandler
                0x00000000080010f0                I2C2_ER_IRQHandler
                0x00000000080010f0                DMA2_Stream1_IRQHandler
                0x00000000080010f0                CAN1_SCE_IRQHandler
                0x00000000080010f0                FLASH_IRQHandler
                0x00000000080010f0                DMA2_Stream4_IRQHandler
                0x00000000080010f0                USART1_IRQHandler
                0x00000000080010f0                OTG_FS_IRQHandler
                0x00000000080010f0                SPI3_IRQHandler
                0x00000000080010f0                DMA1_Stream4_IRQHandler
                0x00000000080010f0                I2C1_ER_IRQHandler
                0x00000000080010f0                DMA2_Stream6_IRQHandler
                0x00000000080010f0                DMA1_Stream3_IRQHandler
 *fill*         0x00000000080010f2        0x2 
 .text.UB_VGA_Screen_Init
                0x00000000080010f4       0xa4 Core/ub_lib/stm32_ub_vga_screen.o
                0x00000000080010f4                UB_VGA_Screen_Init
 .text.UB_VGA_FillScreen
                0x0000000008001198       0x44 Core/ub_lib/stm32_ub_vga_screen.o
                0x0000000008001198                UB_VGA_FillScreen
 .text.UB_VGA_SetPixel
                0x00000000080011dc       0x50 Core/ub_lib/stm32_ub_vga_screen.o
                0x00000000080011dc                UB_VGA_SetPixel
 .text.HAL_Init
                0x000000000800122c       0x44 Drivers/STM32F4xx_HAL_Driver/Src/stm32f4xx_hal.o
                0x000000000800122c                HAL_Init
 .text.HAL_InitTick
                0x0000000008001270       0x60 Drivers/STM32F4xx_HAL_Driver/Src/stm32f4xx_hal.o
                0x0000000008001270                HAL_InitTick
 .text.HAL_IncTick
                0x00000000080012d0       0x28 Drivers/STM32F4xx_HAL_Driver/Src/stm32f4xx_hal.o
                0x00000000080012d0                HAL_IncTick
 .text.HAL_GetTick
                0x00000000080012f8       0x18 Drivers/STM32F4xx_HAL_Driver/Src/stm32f4xx_hal.o
                0x00000000080012f8                HAL_GetTick
 .text.__NVIC_SetPriorityGrouping
                0x0000000008001310       0x48 Drivers/STM32F4xx_HAL_Driver/Src/stm32f4xx_hal_cortex.o
 .text.__NVIC_GetPriorityGrouping
                0x0000000008001358       0x1c Drivers/STM32F4xx_HAL_Driver/Src/stm32f4xx_hal_cortex.o
 .text.__NVIC_EnableIRQ
                0x0000000008001374       0x3c Drivers/STM32F4xx_HAL_Driver/Src/stm32f4xx_hal_cortex.o
 .text.__NVIC_SetPriority
                0x00000000080013b0       0x54 Drivers/STM32F4xx_HAL_Driver/Src/stm32f4xx_hal_cortex.o
 .text.NVIC_EncodePriority
                0x0000000008001404       0x66 Drivers/STM32F4xx_HAL_Driver/Src/stm32f4xx_hal_cortex.o
 *fill*         0x000000000800146a        0x2 
 .text.SysTick_Config
                0x000000000800146c       0x44 Drivers/STM32F4xx_HAL_Driver/Src/stm32f4xx_hal_cortex.o
 .text.HAL_NVIC_SetPriorityGrouping
                0x00000000080014b0       0x16 Drivers/STM32F4xx_HAL_Driver/Src/stm32f4xx_hal_cortex.o
                0x00000000080014b0                HAL_NVIC_SetPriorityGrouping
 .text.HAL_NVIC_SetPriority
                0x00000000080014c6       0x38 Drivers/STM32F4xx_HAL_Driver/Src/stm32f4xx_hal_cortex.o
                0x00000000080014c6                HAL_NVIC_SetPriority
 .text.HAL_NVIC_EnableIRQ
                0x00000000080014fe       0x1c Drivers/STM32F4xx_HAL_Driver/Src/stm32f4xx_hal_cortex.o
                0x00000000080014fe                HAL_NVIC_EnableIRQ
 .text.HAL_SYSTICK_Config
                0x000000000800151a       0x18 Drivers/STM32F4xx_HAL_Driver/Src/stm32f4xx_hal_cortex.o
                0x000000000800151a                HAL_SYSTICK_Config
 *fill*         0x0000000008001532        0x2 
 .text.HAL_DMA_Init
                0x0000000008001534      0x15c Drivers/STM32F4xx_HAL_Driver/Src/stm32f4xx_hal_dma.o
                0x0000000008001534                HAL_DMA_Init
 .text.HAL_DMA_Start_IT
                0x0000000008001690       0xb0 Drivers/STM32F4xx_HAL_Driver/Src/stm32f4xx_hal_dma.o
                0x0000000008001690                HAL_DMA_Start_IT
 .text.HAL_DMA_Abort_IT
                0x0000000008001740       0x44 Drivers/STM32F4xx_HAL_Driver/Src/stm32f4xx_hal_dma.o
                0x0000000008001740                HAL_DMA_Abort_IT
 .text.HAL_DMA_IRQHandler
                0x0000000008001784      0x314 Drivers/STM32F4xx_HAL_Driver/Src/stm32f4xx_hal_dma.o
                0x0000000008001784                HAL_DMA_IRQHandler
 .text.DMA_SetConfig
                0x0000000008001a98       0x5c Drivers/STM32F4xx_HAL_Driver/Src/stm32f4xx_hal_dma.o
 .text.DMA_CalcBaseAndBitshift
                0x0000000008001af4       0x6c Drivers/STM32F4xx_HAL_Driver/Src/stm32f4xx_hal_dma.o
 .text.DMA_CheckFifoParam
                0x0000000008001b60       0xf4 Drivers/STM32F4xx_HAL_Driver/Src/stm32f4xx_hal_dma.o
 .text.HAL_GPIO_Init
                0x0000000008001c54      0x334 Drivers/STM32F4xx_HAL_Driver/Src/stm32f4xx_hal_gpio.o
                0x0000000008001c54                HAL_GPIO_Init
 .text.HAL_GPIO_WritePin
                0x0000000008001f88       0x32 Drivers/STM32F4xx_HAL_Driver/Src/stm32f4xx_hal_gpio.o
                0x0000000008001f88                HAL_GPIO_WritePin
 *fill*         0x0000000008001fba        0x2 
 .text.HAL_RCC_OscConfig
                0x0000000008001fbc      0x4e0 Drivers/STM32F4xx_HAL_Driver/Src/stm32f4xx_hal_rcc.o
                0x0000000008001fbc                HAL_RCC_OscConfig
 .text.HAL_RCC_ClockConfig
                0x000000000800249c      0x1cc Drivers/STM32F4xx_HAL_Driver/Src/stm32f4xx_hal_rcc.o
                0x000000000800249c                HAL_RCC_ClockConfig
 .text.HAL_RCC_GetSysClockFreq
                0x0000000008002668      0x1b0 Drivers/STM32F4xx_HAL_Driver/Src/stm32f4xx_hal_rcc.o
                0x0000000008002668                HAL_RCC_GetSysClockFreq
 .text.HAL_RCC_GetHCLKFreq
                0x0000000008002818       0x18 Drivers/STM32F4xx_HAL_Driver/Src/stm32f4xx_hal_rcc.o
                0x0000000008002818                HAL_RCC_GetHCLKFreq
 .text.HAL_RCC_GetPCLK1Freq
                0x0000000008002830       0x28 Drivers/STM32F4xx_HAL_Driver/Src/stm32f4xx_hal_rcc.o
                0x0000000008002830                HAL_RCC_GetPCLK1Freq
 .text.HAL_RCC_GetPCLK2Freq
                0x0000000008002858       0x28 Drivers/STM32F4xx_HAL_Driver/Src/stm32f4xx_hal_rcc.o
                0x0000000008002858                HAL_RCC_GetPCLK2Freq
 .text.HAL_TIM_Base_Init
                0x0000000008002880       0x56 Drivers/STM32F4xx_HAL_Driver/Src/stm32f4xx_hal_tim.o
                0x0000000008002880                HAL_TIM_Base_Init
 .text.HAL_TIM_Base_Start
                0x00000000080028d6       0x48 Drivers/STM32F4xx_HAL_Driver/Src/stm32f4xx_hal_tim.o
                0x00000000080028d6                HAL_TIM_Base_Start
 .text.HAL_TIM_PWM_Init
                0x000000000800291e       0x56 Drivers/STM32F4xx_HAL_Driver/Src/stm32f4xx_hal_tim.o
                0x000000000800291e                HAL_TIM_PWM_Init
 .text.HAL_TIM_PWM_Start
                0x0000000008002974       0x7c Drivers/STM32F4xx_HAL_Driver/Src/stm32f4xx_hal_tim.o
                0x0000000008002974                HAL_TIM_PWM_Start
 .text.HAL_TIM_PWM_Start_IT
                0x00000000080029f0      0x108 Drivers/STM32F4xx_HAL_Driver/Src/stm32f4xx_hal_tim.o
                0x00000000080029f0                HAL_TIM_PWM_Start_IT
 .text.HAL_TIM_IRQHandler
                0x0000000008002af8      0x210 Drivers/STM32F4xx_HAL_Driver/Src/stm32f4xx_hal_tim.o
                0x0000000008002af8                HAL_TIM_IRQHandler
 .text.HAL_TIM_PWM_ConfigChannel
                0x0000000008002d08      0x18c Drivers/STM32F4xx_HAL_Driver/Src/stm32f4xx_hal_tim.o
                0x0000000008002d08                HAL_TIM_PWM_ConfigChannel
 .text.HAL_TIM_ConfigClockSource
                0x0000000008002e94      0x16e Drivers/STM32F4xx_HAL_Driver/Src/stm32f4xx_hal_tim.o
                0x0000000008002e94                HAL_TIM_ConfigClockSource
 .text.HAL_TIM_PeriodElapsedCallback
                0x0000000008003002       0x14 Drivers/STM32F4xx_HAL_Driver/Src/stm32f4xx_hal_tim.o
                0x0000000008003002                HAL_TIM_PeriodElapsedCallback
 .text.HAL_TIM_OC_DelayElapsedCallback
                0x0000000008003016       0x14 Drivers/STM32F4xx_HAL_Driver/Src/stm32f4xx_hal_tim.o
                0x0000000008003016                HAL_TIM_OC_DelayElapsedCallback
 .text.HAL_TIM_IC_CaptureCallback
                0x000000000800302a       0x14 Drivers/STM32F4xx_HAL_Driver/Src/stm32f4xx_hal_tim.o
                0x000000000800302a                HAL_TIM_IC_CaptureCallback
 .text.HAL_TIM_PWM_PulseFinishedCallback
                0x000000000800303e       0x14 Drivers/STM32F4xx_HAL_Driver/Src/stm32f4xx_hal_tim.o
                0x000000000800303e                HAL_TIM_PWM_PulseFinishedCallback
 .text.HAL_TIM_TriggerCallback
                0x0000000008003052       0x14 Drivers/STM32F4xx_HAL_Driver/Src/stm32f4xx_hal_tim.o
                0x0000000008003052                HAL_TIM_TriggerCallback
 *fill*         0x0000000008003066        0x2 
 .text.TIM_Base_SetConfig
                0x0000000008003068      0x140 Drivers/STM32F4xx_HAL_Driver/Src/stm32f4xx_hal_tim.o
                0x0000000008003068                TIM_Base_SetConfig
 .text.TIM_OC1_SetConfig
                0x00000000080031a8       0xe0 Drivers/STM32F4xx_HAL_Driver/Src/stm32f4xx_hal_tim.o
 .text.TIM_OC2_SetConfig
                0x0000000008003288       0xec Drivers/STM32F4xx_HAL_Driver/Src/stm32f4xx_hal_tim.o
                0x0000000008003288                TIM_OC2_SetConfig
 .text.TIM_OC3_SetConfig
                0x0000000008003374       0xe8 Drivers/STM32F4xx_HAL_Driver/Src/stm32f4xx_hal_tim.o
 .text.TIM_OC4_SetConfig
                0x000000000800345c       0xac Drivers/STM32F4xx_HAL_Driver/Src/stm32f4xx_hal_tim.o
 .text.TIM_TI1_ConfigInputStage
                0x0000000008003508       0x5e Drivers/STM32F4xx_HAL_Driver/Src/stm32f4xx_hal_tim.o
 .text.TIM_TI2_ConfigInputStage
                0x0000000008003566       0x60 Drivers/STM32F4xx_HAL_Driver/Src/stm32f4xx_hal_tim.o
 .text.TIM_ITRx_SetConfig
                0x00000000080035c6       0x36 Drivers/STM32F4xx_HAL_Driver/Src/stm32f4xx_hal_tim.o
 .text.TIM_ETR_SetConfig
                0x00000000080035fc       0x40 Drivers/STM32F4xx_HAL_Driver/Src/stm32f4xx_hal_tim.o
                0x00000000080035fc                TIM_ETR_SetConfig
 .text.TIM_CCxChannelCmd
                0x000000000800363c       0x4a Drivers/STM32F4xx_HAL_Driver/Src/stm32f4xx_hal_tim.o
                0x000000000800363c                TIM_CCxChannelCmd
 *fill*         0x0000000008003686        0x2 
 .text.HAL_TIMEx_MasterConfigSynchronization
                0x0000000008003688       0xf8 Drivers/STM32F4xx_HAL_Driver/Src/stm32f4xx_hal_tim_ex.o
                0x0000000008003688                HAL_TIMEx_MasterConfigSynchronization
 .text.HAL_TIMEx_CommutCallback
                0x0000000008003780       0x14 Drivers/STM32F4xx_HAL_Driver/Src/stm32f4xx_hal_tim_ex.o
                0x0000000008003780                HAL_TIMEx_CommutCallback
 .text.HAL_TIMEx_BreakCallback
                0x0000000008003794       0x14 Drivers/STM32F4xx_HAL_Driver/Src/stm32f4xx_hal_tim_ex.o
                0x0000000008003794                HAL_TIMEx_BreakCallback
 .text.HAL_UART_Init
                0x00000000080037a8       0x9a Drivers/STM32F4xx_HAL_Driver/Src/stm32f4xx_hal_uart.o
                0x00000000080037a8                HAL_UART_Init
 .text.HAL_UART_Receive_IT
                0x0000000008003842       0xaa Drivers/STM32F4xx_HAL_Driver/Src/stm32f4xx_hal_uart.o
                0x0000000008003842                HAL_UART_Receive_IT
 .text.HAL_UART_IRQHandler
                0x00000000080038ec      0x200 Drivers/STM32F4xx_HAL_Driver/Src/stm32f4xx_hal_uart.o
                0x00000000080038ec                HAL_UART_IRQHandler
 .text.HAL_UART_TxCpltCallback
                0x0000000008003aec       0x14 Drivers/STM32F4xx_HAL_Driver/Src/stm32f4xx_hal_uart.o
                0x0000000008003aec                HAL_UART_TxCpltCallback
 .text.HAL_UART_RxCpltCallback
                0x0000000008003b00       0x14 Drivers/STM32F4xx_HAL_Driver/Src/stm32f4xx_hal_uart.o
                0x0000000008003b00                HAL_UART_RxCpltCallback
 .text.HAL_UART_ErrorCallback
                0x0000000008003b14       0x14 Drivers/STM32F4xx_HAL_Driver/Src/stm32f4xx_hal_uart.o
                0x0000000008003b14                HAL_UART_ErrorCallback
 .text.UART_EndRxTransfer
                0x0000000008003b28       0x3c Drivers/STM32F4xx_HAL_Driver/Src/stm32f4xx_hal_uart.o
 .text.UART_DMAAbortOnError
                0x0000000008003b64       0x28 Drivers/STM32F4xx_HAL_Driver/Src/stm32f4xx_hal_uart.o
 .text.UART_Transmit_IT
                0x0000000008003b8c       0xac Drivers/STM32F4xx_HAL_Driver/Src/stm32f4xx_hal_uart.o
 .text.UART_EndTransmit_IT
                0x0000000008003c38       0x30 Drivers/STM32F4xx_HAL_Driver/Src/stm32f4xx_hal_uart.o
 .text.UART_Receive_IT
                0x0000000008003c68      0x102 Drivers/STM32F4xx_HAL_Driver/Src/stm32f4xx_hal_uart.o
 *fill*         0x0000000008003d6a        0x2 
 .text.UART_SetConfig
                0x0000000008003d6c      0x6f8 Drivers/STM32F4xx_HAL_Driver/Src/stm32f4xx_hal_uart.o
 .text.__libc_init_array
                0x0000000008004464       0x48 c:/st/stm32cubeide_1.1.0/stm32cubeide/plugins/com.st.stm32cube.ide.mcu.externaltools.gnu-tools-for-stm32.7-2018-q2-update.win32_1.0.0.201904181610/tools/bin/../lib/gcc/arm-none-eabi/7.3.1/../../../../arm-none-eabi/lib/thumb/v7e-m/fpv4-sp/hard\libc_nano.a(lib_a-init.o)
                0x0000000008004464                __libc_init_array
 .text.memset   0x00000000080044ac       0x10 c:/st/stm32cubeide_1.1.0/stm32cubeide/plugins/com.st.stm32cube.ide.mcu.externaltools.gnu-tools-for-stm32.7-2018-q2-update.win32_1.0.0.201904181610/tools/bin/../lib/gcc/arm-none-eabi/7.3.1/../../../../arm-none-eabi/lib/thumb/v7e-m/fpv4-sp/hard\libc_nano.a(lib_a-memset.o)
                0x00000000080044ac                memset
 *(.glue_7)
 .glue_7        0x00000000080044bc        0x0 linker stubs
 *(.glue_7t)
 .glue_7t       0x00000000080044bc        0x0 linker stubs
 *(.eh_frame)
 .eh_frame      0x00000000080044bc        0x0 c:/st/stm32cubeide_1.1.0/stm32cubeide/plugins/com.st.stm32cube.ide.mcu.externaltools.gnu-tools-for-stm32.7-2018-q2-update.win32_1.0.0.201904181610/tools/bin/../lib/gcc/arm-none-eabi/7.3.1/thumb/v7e-m/fpv4-sp/hard/crtbegin.o
 *(.init)
 .init          0x00000000080044bc        0x4 c:/st/stm32cubeide_1.1.0/stm32cubeide/plugins/com.st.stm32cube.ide.mcu.externaltools.gnu-tools-for-stm32.7-2018-q2-update.win32_1.0.0.201904181610/tools/bin/../lib/gcc/arm-none-eabi/7.3.1/thumb/v7e-m/fpv4-sp/hard/crti.o
                0x00000000080044bc                _init
 .init          0x00000000080044c0        0x8 c:/st/stm32cubeide_1.1.0/stm32cubeide/plugins/com.st.stm32cube.ide.mcu.externaltools.gnu-tools-for-stm32.7-2018-q2-update.win32_1.0.0.201904181610/tools/bin/../lib/gcc/arm-none-eabi/7.3.1/thumb/v7e-m/fpv4-sp/hard/crtn.o
 *(.fini)
 .fini          0x00000000080044c8        0x4 c:/st/stm32cubeide_1.1.0/stm32cubeide/plugins/com.st.stm32cube.ide.mcu.externaltools.gnu-tools-for-stm32.7-2018-q2-update.win32_1.0.0.201904181610/tools/bin/../lib/gcc/arm-none-eabi/7.3.1/thumb/v7e-m/fpv4-sp/hard/crti.o
                0x00000000080044c8                _fini
 .fini          0x00000000080044cc        0x8 c:/st/stm32cubeide_1.1.0/stm32cubeide/plugins/com.st.stm32cube.ide.mcu.externaltools.gnu-tools-for-stm32.7-2018-q2-update.win32_1.0.0.201904181610/tools/bin/../lib/gcc/arm-none-eabi/7.3.1/thumb/v7e-m/fpv4-sp/hard/crtn.o
                0x00000000080044d4                . = ALIGN (0x4)
                0x00000000080044d4                _etext = .

.vfp11_veneer   0x00000000080044d4        0x0
 .vfp11_veneer  0x00000000080044d4        0x0 linker stubs

.v4_bx          0x00000000080044d4        0x0
 .v4_bx         0x00000000080044d4        0x0 linker stubs

.iplt           0x00000000080044d4        0x0
 .iplt          0x00000000080044d4        0x0 c:/st/stm32cubeide_1.1.0/stm32cubeide/plugins/com.st.stm32cube.ide.mcu.externaltools.gnu-tools-for-stm32.7-2018-q2-update.win32_1.0.0.201904181610/tools/bin/../lib/gcc/arm-none-eabi/7.3.1/thumb/v7e-m/fpv4-sp/hard/crtbegin.o

.rodata         0x00000000080044d4       0x20
                0x00000000080044d4                . = ALIGN (0x4)
 *(.rodata)
 *(.rodata*)
 .rodata.AHBPrescTable
                0x00000000080044d4       0x10 Core/Src/system_stm32f4xx.o
                0x00000000080044d4                AHBPrescTable
 .rodata.APBPrescTable
                0x00000000080044e4        0x8 Core/Src/system_stm32f4xx.o
                0x00000000080044e4                APBPrescTable
 .rodata.flagBitshiftOffset.8119
                0x00000000080044ec        0x8 Drivers/STM32F4xx_HAL_Driver/Src/stm32f4xx_hal_dma.o
                0x00000000080044f4                . = ALIGN (0x4)

.ARM.extab      0x00000000080044f4        0x0
                0x00000000080044f4                . = ALIGN (0x4)
 *(.ARM.extab* .gnu.linkonce.armextab.*)
                0x00000000080044f4                . = ALIGN (0x4)

.ARM            0x00000000080044f4        0x8
                0x00000000080044f4                . = ALIGN (0x4)
                0x00000000080044f4                __exidx_start = .
 *(.ARM.exidx*)
 .ARM.exidx     0x00000000080044f4        0x8 c:/st/stm32cubeide_1.1.0/stm32cubeide/plugins/com.st.stm32cube.ide.mcu.externaltools.gnu-tools-for-stm32.7-2018-q2-update.win32_1.0.0.201904181610/tools/bin/../lib/gcc/arm-none-eabi/7.3.1/thumb/v7e-m/fpv4-sp/hard\libgcc.a(_udivmoddi4.o)
                0x00000000080044fc                __exidx_end = .
                0x00000000080044fc                . = ALIGN (0x4)

.rel.dyn        0x00000000080044fc        0x0
 .rel.iplt      0x00000000080044fc        0x0 c:/st/stm32cubeide_1.1.0/stm32cubeide/plugins/com.st.stm32cube.ide.mcu.externaltools.gnu-tools-for-stm32.7-2018-q2-update.win32_1.0.0.201904181610/tools/bin/../lib/gcc/arm-none-eabi/7.3.1/thumb/v7e-m/fpv4-sp/hard/crtbegin.o

.preinit_array  0x00000000080044fc        0x0
                0x00000000080044fc                . = ALIGN (0x4)
                0x00000000080044fc                PROVIDE (__preinit_array_start = .)
 *(.preinit_array*)
                0x00000000080044fc                PROVIDE (__preinit_array_end = .)
                0x00000000080044fc                . = ALIGN (0x4)

.init_array     0x00000000080044fc        0x4
                0x00000000080044fc                . = ALIGN (0x4)
                0x00000000080044fc                PROVIDE (__init_array_start = .)
 *(SORT_BY_NAME(.init_array.*))
 *(.init_array*)
 .init_array    0x00000000080044fc        0x4 c:/st/stm32cubeide_1.1.0/stm32cubeide/plugins/com.st.stm32cube.ide.mcu.externaltools.gnu-tools-for-stm32.7-2018-q2-update.win32_1.0.0.201904181610/tools/bin/../lib/gcc/arm-none-eabi/7.3.1/thumb/v7e-m/fpv4-sp/hard/crtbegin.o
                0x0000000008004500                PROVIDE (__init_array_end = .)
                0x0000000008004500                . = ALIGN (0x4)

.fini_array     0x0000000008004500        0x4
                0x0000000008004500                . = ALIGN (0x4)
                [!provide]                        PROVIDE (__fini_array_start = .)
 *(SORT_BY_NAME(.fini_array.*))
 *(.fini_array*)
 .fini_array    0x0000000008004500        0x4 c:/st/stm32cubeide_1.1.0/stm32cubeide/plugins/com.st.stm32cube.ide.mcu.externaltools.gnu-tools-for-stm32.7-2018-q2-update.win32_1.0.0.201904181610/tools/bin/../lib/gcc/arm-none-eabi/7.3.1/thumb/v7e-m/fpv4-sp/hard/crtbegin.o
                [!provide]                        PROVIDE (__fini_array_end = .)
                0x0000000008004504                . = ALIGN (0x4)
                0x0000000008004504                _sidata = LOADADDR (.data)

.data           0x0000000020000000        0xc load address 0x0000000008004504
                0x0000000020000000                . = ALIGN (0x4)
                0x0000000020000000                _sdata = .
 *(.data)
 *(.data*)
 .data.SystemCoreClock
                0x0000000020000000        0x4 Core/Src/system_stm32f4xx.o
                0x0000000020000000                SystemCoreClock
 .data.uwTickPrio
                0x0000000020000004        0x4 Drivers/STM32F4xx_HAL_Driver/Src/stm32f4xx_hal.o
                0x0000000020000004                uwTickPrio
 .data.uwTickFreq
                0x0000000020000008        0x1 Drivers/STM32F4xx_HAL_Driver/Src/stm32f4xx_hal.o
                0x0000000020000008                uwTickFreq
                0x000000002000000c                . = ALIGN (0x4)
 *fill*         0x0000000020000009        0x3 
                0x000000002000000c                _edata = .

.igot.plt       0x000000002000000c        0x0 load address 0x0000000008004510
 .igot.plt      0x000000002000000c        0x0 c:/st/stm32cubeide_1.1.0/stm32cubeide/plugins/com.st.stm32cube.ide.mcu.externaltools.gnu-tools-for-stm32.7-2018-q2-update.win32_1.0.0.201904181610/tools/bin/../lib/gcc/arm-none-eabi/7.3.1/thumb/v7e-m/fpv4-sp/hard/crtbegin.o
                0x000000002000000c                . = ALIGN (0x4)

.bss            0x000000002000000c    0x13650 load address 0x0000000008004510
                0x000000002000000c                _sbss = .
                0x000000002000000c                __bss_start__ = _sbss
 *(.bss)
 .bss           0x000000002000000c       0x1c c:/st/stm32cubeide_1.1.0/stm32cubeide/plugins/com.st.stm32cube.ide.mcu.externaltools.gnu-tools-for-stm32.7-2018-q2-update.win32_1.0.0.201904181610/tools/bin/../lib/gcc/arm-none-eabi/7.3.1/thumb/v7e-m/fpv4-sp/hard/crtbegin.o
 *(.bss*)
 *(COMMON)
 COMMON         0x0000000020000028    0x13510 Core/Src/FL.o
                0x0000000020000028                input
                0x0000000020000438                temp
                0x000000002000043c                VGA
                0x0000000020000448                VGA_RAM1
                0x0000000020013138                container
 COMMON         0x0000000020013538       0xe0 Core/Src/tim.o
                0x0000000020013538                htim1
                0x0000000020013578                hdma_tim1_up
                0x00000000200135d8                htim2
 COMMON         0x0000000020013618       0x40 Core/Src/usart.o
                0x0000000020013618                huart2
 COMMON         0x0000000020013658        0x4 Drivers/STM32F4xx_HAL_Driver/Src/stm32f4xx_hal.o
                0x0000000020013658                uwTick
                0x000000002001365c                . = ALIGN (0x4)
                0x000000002001365c                _ebss = .
                0x000000002001365c                __bss_end__ = _ebss

._user_heap_stack
                0x000000002001365c      0x604 load address 0x0000000008004510
                0x0000000020013660                . = ALIGN (0x8)
 *fill*         0x000000002001365c        0x4 
                0x0000000020013660                PROVIDE (end = .)
                [!provide]                        PROVIDE (_end = .)
                0x0000000020013860                . = (. + _Min_Heap_Size)
 *fill*         0x0000000020013660      0x200 
                0x0000000020013c60                . = (. + _Min_Stack_Size)
 *fill*         0x0000000020013860      0x400 
                0x0000000020013c60                . = ALIGN (0x8)

/DISCARD/
 libc.a(*)
 libm.a(*)
 libgcc.a(*)

.ARM.attributes
                0x0000000000000000       0x30
 *(.ARM.attributes)
 .ARM.attributes
                0x0000000000000000       0x22 c:/st/stm32cubeide_1.1.0/stm32cubeide/plugins/com.st.stm32cube.ide.mcu.externaltools.gnu-tools-for-stm32.7-2018-q2-update.win32_1.0.0.201904181610/tools/bin/../lib/gcc/arm-none-eabi/7.3.1/thumb/v7e-m/fpv4-sp/hard/crti.o
 .ARM.attributes
                0x0000000000000022       0x34 c:/st/stm32cubeide_1.1.0/stm32cubeide/plugins/com.st.stm32cube.ide.mcu.externaltools.gnu-tools-for-stm32.7-2018-q2-update.win32_1.0.0.201904181610/tools/bin/../lib/gcc/arm-none-eabi/7.3.1/thumb/v7e-m/fpv4-sp/hard/crtbegin.o
 .ARM.attributes
                0x0000000000000056       0x39 Core/Src/FL.o
 .ARM.attributes
                0x000000000000008f       0x39 Core/Src/dma.o
 .ARM.attributes
                0x00000000000000c8       0x39 Core/Src/gpio.o
 .ARM.attributes
                0x0000000000000101       0x39 Core/Src/main.o
 .ARM.attributes
                0x000000000000013a       0x39 Core/Src/stm32f4xx_hal_msp.o
 .ARM.attributes
                0x0000000000000173       0x39 Core/Src/stm32f4xx_it.o
 .ARM.attributes
                0x00000000000001ac       0x39 Core/Src/system_stm32f4xx.o
 .ARM.attributes
                0x00000000000001e5       0x39 Core/Src/tim.o
 .ARM.attributes
                0x000000000000021e       0x39 Core/Src/usart.o
 .ARM.attributes
                0x0000000000000257       0x21 Core/Startup/startup_stm32f407vgtx.o
 .ARM.attributes
                0x0000000000000278       0x39 Core/ub_lib/stm32_ub_vga_screen.o
 .ARM.attributes
                0x00000000000002b1       0x39 Drivers/STM32F4xx_HAL_Driver/Src/stm32f4xx_hal.o
 .ARM.attributes
                0x00000000000002ea       0x39 Drivers/STM32F4xx_HAL_Driver/Src/stm32f4xx_hal_cortex.o
 .ARM.attributes
                0x0000000000000323       0x39 Drivers/STM32F4xx_HAL_Driver/Src/stm32f4xx_hal_dma.o
 .ARM.attributes
                0x000000000000035c       0x39 Drivers/STM32F4xx_HAL_Driver/Src/stm32f4xx_hal_gpio.o
 .ARM.attributes
                0x0000000000000395       0x39 Drivers/STM32F4xx_HAL_Driver/Src/stm32f4xx_hal_rcc.o
 .ARM.attributes
                0x00000000000003ce       0x39 Drivers/STM32F4xx_HAL_Driver/Src/stm32f4xx_hal_tim.o
 .ARM.attributes
                0x0000000000000407       0x39 Drivers/STM32F4xx_HAL_Driver/Src/stm32f4xx_hal_tim_ex.o
 .ARM.attributes
                0x0000000000000440       0x39 Drivers/STM32F4xx_HAL_Driver/Src/stm32f4xx_hal_uart.o
 .ARM.attributes
                0x0000000000000479       0x34 c:/st/stm32cubeide_1.1.0/stm32cubeide/plugins/com.st.stm32cube.ide.mcu.externaltools.gnu-tools-for-stm32.7-2018-q2-update.win32_1.0.0.201904181610/tools/bin/../lib/gcc/arm-none-eabi/7.3.1/../../../../arm-none-eabi/lib/thumb/v7e-m/fpv4-sp/hard\libc_nano.a(lib_a-init.o)
 .ARM.attributes
                0x00000000000004ad       0x34 c:/st/stm32cubeide_1.1.0/stm32cubeide/plugins/com.st.stm32cube.ide.mcu.externaltools.gnu-tools-for-stm32.7-2018-q2-update.win32_1.0.0.201904181610/tools/bin/../lib/gcc/arm-none-eabi/7.3.1/../../../../arm-none-eabi/lib/thumb/v7e-m/fpv4-sp/hard\libc_nano.a(lib_a-memset.o)
 .ARM.attributes
                0x00000000000004e1       0x22 c:/st/stm32cubeide_1.1.0/stm32cubeide/plugins/com.st.stm32cube.ide.mcu.externaltools.gnu-tools-for-stm32.7-2018-q2-update.win32_1.0.0.201904181610/tools/bin/../lib/gcc/arm-none-eabi/7.3.1/thumb/v7e-m/fpv4-sp/hard\libgcc.a(_aeabi_uldivmod.o)
 .ARM.attributes
                0x0000000000000503       0x34 c:/st/stm32cubeide_1.1.0/stm32cubeide/plugins/com.st.stm32cube.ide.mcu.externaltools.gnu-tools-for-stm32.7-2018-q2-update.win32_1.0.0.201904181610/tools/bin/../lib/gcc/arm-none-eabi/7.3.1/thumb/v7e-m/fpv4-sp/hard\libgcc.a(_udivmoddi4.o)
 .ARM.attributes
                0x0000000000000537       0x22 c:/st/stm32cubeide_1.1.0/stm32cubeide/plugins/com.st.stm32cube.ide.mcu.externaltools.gnu-tools-for-stm32.7-2018-q2-update.win32_1.0.0.201904181610/tools/bin/../lib/gcc/arm-none-eabi/7.3.1/thumb/v7e-m/fpv4-sp/hard\libgcc.a(_dvmd_tls.o)
 .ARM.attributes
                0x0000000000000559       0x22 c:/st/stm32cubeide_1.1.0/stm32cubeide/plugins/com.st.stm32cube.ide.mcu.externaltools.gnu-tools-for-stm32.7-2018-q2-update.win32_1.0.0.201904181610/tools/bin/../lib/gcc/arm-none-eabi/7.3.1/thumb/v7e-m/fpv4-sp/hard/crtn.o
OUTPUT(swont_ide.elf elf32-littlearm)

.debug_info     0x0000000000000000     0xd19c
 .debug_info    0x0000000000000000      0x3e9 Core/Src/FL.o
 .debug_info    0x00000000000003e9      0x6bc Core/Src/dma.o
 .debug_info    0x0000000000000aa5      0x604 Core/Src/gpio.o
 .debug_info    0x00000000000010a9      0xd4f Core/Src/main.o
 .debug_info    0x0000000000001df8      0x4b4 Core/Src/stm32f4xx_hal_msp.o
 .debug_info    0x00000000000022ac      0xb2a Core/Src/stm32f4xx_it.o
 .debug_info    0x0000000000002dd6      0x554 Core/Src/system_stm32f4xx.o
 .debug_info    0x000000000000332a      0xef6 Core/Src/tim.o
 .debug_info    0x0000000000004220      0xcaa Core/Src/usart.o
 .debug_info    0x0000000000004eca       0x22 Core/Startup/startup_stm32f407vgtx.o
 .debug_info    0x0000000000004eec      0x8d6 Core/ub_lib/stm32_ub_vga_screen.o
 .debug_info    0x00000000000057c2      0x945 Drivers/STM32F4xx_HAL_Driver/Src/stm32f4xx_hal.o
 .debug_info    0x0000000000006107      0xe28 Drivers/STM32F4xx_HAL_Driver/Src/stm32f4xx_hal_cortex.o
 .debug_info    0x0000000000006f2f      0x968 Drivers/STM32F4xx_HAL_Driver/Src/stm32f4xx_hal_dma.o
 .debug_info    0x0000000000007897      0x7b5 Drivers/STM32F4xx_HAL_Driver/Src/stm32f4xx_hal_gpio.o
 .debug_info    0x000000000000804c      0x904 Drivers/STM32F4xx_HAL_Driver/Src/stm32f4xx_hal_rcc.o
 .debug_info    0x0000000000008950     0x24a9 Drivers/STM32F4xx_HAL_Driver/Src/stm32f4xx_hal_tim.o
 .debug_info    0x000000000000adf9     0x1157 Drivers/STM32F4xx_HAL_Driver/Src/stm32f4xx_hal_tim_ex.o
 .debug_info    0x000000000000bf50     0x124c Drivers/STM32F4xx_HAL_Driver/Src/stm32f4xx_hal_uart.o

.debug_abbrev   0x0000000000000000     0x22bb
 .debug_abbrev  0x0000000000000000      0x1bb Core/Src/FL.o
 .debug_abbrev  0x00000000000001bb      0x173 Core/Src/dma.o
 .debug_abbrev  0x000000000000032e      0x184 Core/Src/gpio.o
 .debug_abbrev  0x00000000000004b2      0x207 Core/Src/main.o
 .debug_abbrev  0x00000000000006b9      0x175 Core/Src/stm32f4xx_hal_msp.o
 .debug_abbrev  0x000000000000082e      0x1eb Core/Src/stm32f4xx_it.o
 .debug_abbrev  0x0000000000000a19      0x12b Core/Src/system_stm32f4xx.o
 .debug_abbrev  0x0000000000000b44      0x1f8 Core/Src/tim.o
 .debug_abbrev  0x0000000000000d3c      0x1f2 Core/Src/usart.o
 .debug_abbrev  0x0000000000000f2e       0x12 Core/Startup/startup_stm32f407vgtx.o
 .debug_abbrev  0x0000000000000f40      0x1f3 Core/ub_lib/stm32_ub_vga_screen.o
 .debug_abbrev  0x0000000000001133      0x1c7 Drivers/STM32F4xx_HAL_Driver/Src/stm32f4xx_hal.o
 .debug_abbrev  0x00000000000012fa      0x2fa Drivers/STM32F4xx_HAL_Driver/Src/stm32f4xx_hal_cortex.o
 .debug_abbrev  0x00000000000015f4      0x229 Drivers/STM32F4xx_HAL_Driver/Src/stm32f4xx_hal_dma.o
 .debug_abbrev  0x000000000000181d      0x1c9 Drivers/STM32F4xx_HAL_Driver/Src/stm32f4xx_hal_gpio.o
 .debug_abbrev  0x00000000000019e6      0x245 Drivers/STM32F4xx_HAL_Driver/Src/stm32f4xx_hal_rcc.o
 .debug_abbrev  0x0000000000001c2b      0x230 Drivers/STM32F4xx_HAL_Driver/Src/stm32f4xx_hal_tim.o
 .debug_abbrev  0x0000000000001e5b      0x21e Drivers/STM32F4xx_HAL_Driver/Src/stm32f4xx_hal_tim_ex.o
 .debug_abbrev  0x0000000000002079      0x242 Drivers/STM32F4xx_HAL_Driver/Src/stm32f4xx_hal_uart.o

.debug_aranges  0x0000000000000000      0xc88
 .debug_aranges
                0x0000000000000000       0x40 Core/Src/FL.o
 .debug_aranges
                0x0000000000000040       0x20 Core/Src/dma.o
 .debug_aranges
                0x0000000000000060       0x20 Core/Src/gpio.o
 .debug_aranges
                0x0000000000000080       0x30 Core/Src/main.o
 .debug_aranges
                0x00000000000000b0       0x20 Core/Src/stm32f4xx_hal_msp.o
 .debug_aranges
                0x00000000000000d0       0x78 Core/Src/stm32f4xx_it.o
 .debug_aranges
                0x0000000000000148       0x28 Core/Src/system_stm32f4xx.o
 .debug_aranges
                0x0000000000000170       0x50 Core/Src/tim.o
 .debug_aranges
                0x00000000000001c0       0x30 Core/Src/usart.o
 .debug_aranges
                0x00000000000001f0       0x28 Core/Startup/startup_stm32f407vgtx.o
 .debug_aranges
                0x0000000000000218       0x30 Core/ub_lib/stm32_ub_vga_screen.o
 .debug_aranges
                0x0000000000000248       0xf0 Drivers/STM32F4xx_HAL_Driver/Src/stm32f4xx_hal.o
 .debug_aranges
                0x0000000000000338      0x118 Drivers/STM32F4xx_HAL_Driver/Src/stm32f4xx_hal_cortex.o
 .debug_aranges
                0x0000000000000450       0x90 Drivers/STM32F4xx_HAL_Driver/Src/stm32f4xx_hal_dma.o
 .debug_aranges
                0x00000000000004e0       0x58 Drivers/STM32F4xx_HAL_Driver/Src/stm32f4xx_hal_gpio.o
 .debug_aranges
                0x0000000000000538       0x88 Drivers/STM32F4xx_HAL_Driver/Src/stm32f4xx_hal_rcc.o
 .debug_aranges
                0x00000000000005c0      0x3a8 Drivers/STM32F4xx_HAL_Driver/Src/stm32f4xx_hal_tim.o
 .debug_aranges
                0x0000000000000968      0x150 Drivers/STM32F4xx_HAL_Driver/Src/stm32f4xx_hal_tim_ex.o
 .debug_aranges
                0x0000000000000ab8      0x1d0 Drivers/STM32F4xx_HAL_Driver/Src/stm32f4xx_hal_uart.o

.debug_ranges   0x0000000000000000      0xb60
 .debug_ranges  0x0000000000000000       0x30 Core/Src/FL.o
 .debug_ranges  0x0000000000000030       0x10 Core/Src/dma.o
 .debug_ranges  0x0000000000000040       0x10 Core/Src/gpio.o
 .debug_ranges  0x0000000000000050       0x20 Core/Src/main.o
 .debug_ranges  0x0000000000000070       0x10 Core/Src/stm32f4xx_hal_msp.o
 .debug_ranges  0x0000000000000080       0x68 Core/Src/stm32f4xx_it.o
 .debug_ranges  0x00000000000000e8       0x18 Core/Src/system_stm32f4xx.o
 .debug_ranges  0x0000000000000100       0x40 Core/Src/tim.o
 .debug_ranges  0x0000000000000140       0x20 Core/Src/usart.o
 .debug_ranges  0x0000000000000160       0x20 Core/Startup/startup_stm32f407vgtx.o
 .debug_ranges  0x0000000000000180       0x20 Core/ub_lib/stm32_ub_vga_screen.o
 .debug_ranges  0x00000000000001a0       0xe0 Drivers/STM32F4xx_HAL_Driver/Src/stm32f4xx_hal.o
 .debug_ranges  0x0000000000000280      0x108 Drivers/STM32F4xx_HAL_Driver/Src/stm32f4xx_hal_cortex.o
 .debug_ranges  0x0000000000000388       0x80 Drivers/STM32F4xx_HAL_Driver/Src/stm32f4xx_hal_dma.o
 .debug_ranges  0x0000000000000408       0x48 Drivers/STM32F4xx_HAL_Driver/Src/stm32f4xx_hal_gpio.o
 .debug_ranges  0x0000000000000450       0x78 Drivers/STM32F4xx_HAL_Driver/Src/stm32f4xx_hal_rcc.o
 .debug_ranges  0x00000000000004c8      0x398 Drivers/STM32F4xx_HAL_Driver/Src/stm32f4xx_hal_tim.o
 .debug_ranges  0x0000000000000860      0x140 Drivers/STM32F4xx_HAL_Driver/Src/stm32f4xx_hal_tim_ex.o
 .debug_ranges  0x00000000000009a0      0x1c0 Drivers/STM32F4xx_HAL_Driver/Src/stm32f4xx_hal_uart.o

.debug_macro    0x0000000000000000    0x20e88
 .debug_macro   0x0000000000000000      0x1ff Core/Src/FL.o
 .debug_macro   0x00000000000001ff      0xa5a Core/Src/FL.o
 .debug_macro   0x0000000000000c59      0x18a Core/Src/FL.o
 .debug_macro   0x0000000000000de3       0x2e Core/Src/FL.o
 .debug_macro   0x0000000000000e11       0x2f Core/Src/FL.o
 .debug_macro   0x0000000000000e40       0x22 Core/Src/FL.o
 .debug_macro   0x0000000000000e62       0x8e Core/Src/FL.o
 .debug_macro   0x0000000000000ef0       0x51 Core/Src/FL.o
 .debug_macro   0x0000000000000f41       0xef Core/Src/FL.o
 .debug_macro   0x0000000000001030       0x6a Core/Src/FL.o
 .debug_macro   0x000000000000109a      0x1df Core/Src/FL.o
 .debug_macro   0x0000000000001279       0x1c Core/Src/FL.o
 .debug_macro   0x0000000000001295       0x22 Core/Src/FL.o
 .debug_macro   0x00000000000012b7       0xdf Core/Src/FL.o
 .debug_macro   0x0000000000001396     0x102d Core/Src/FL.o
 .debug_macro   0x00000000000023c3      0x11f Core/Src/FL.o
 .debug_macro   0x00000000000024e2    0x15e3c Core/Src/FL.o
 .debug_macro   0x000000000001831e       0x43 Core/Src/FL.o
 .debug_macro   0x0000000000018361     0x3659 Core/Src/FL.o
 .debug_macro   0x000000000001b9ba      0x174 Core/Src/FL.o
 .debug_macro   0x000000000001bb2e       0x5a Core/Src/FL.o
 .debug_macro   0x000000000001bb88      0x96b Core/Src/FL.o
 .debug_macro   0x000000000001c4f3      0x9fe Core/Src/FL.o
 .debug_macro   0x000000000001cef1      0x174 Core/Src/FL.o
 .debug_macro   0x000000000001d065      0x117 Core/Src/FL.o
 .debug_macro   0x000000000001d17c      0x13e Core/Src/FL.o
 .debug_macro   0x000000000001d2ba       0x27 Core/Src/FL.o
 .debug_macro   0x000000000001d2e1      0x287 Core/Src/FL.o
 .debug_macro   0x000000000001d568       0x5f Core/Src/FL.o
 .debug_macro   0x000000000001d5c7      0x236 Core/Src/FL.o
 .debug_macro   0x000000000001d7fd      0x12c Core/Src/FL.o
 .debug_macro   0x000000000001d929      0x21e Core/Src/FL.o
 .debug_macro   0x000000000001db47       0x2e Core/Src/FL.o
 .debug_macro   0x000000000001db75      0x11a Core/Src/FL.o
 .debug_macro   0x000000000001dc8f       0x7e Core/Src/FL.o
 .debug_macro   0x000000000001dd0d       0x89 Core/Src/FL.o
 .debug_macro   0x000000000001dd96      0x8a0 Core/Src/FL.o
 .debug_macro   0x000000000001e636       0x47 Core/Src/FL.o
 .debug_macro   0x000000000001e67d      0x287 Core/Src/FL.o
 .debug_macro   0x000000000001e904      0x12d Core/Src/FL.o
 .debug_macro   0x000000000001ea31       0xa0 Core/Src/FL.o
 .debug_macro   0x000000000001ead1       0xa0 Core/Src/FL.o
 .debug_macro   0x000000000001eb71      0x112 Core/Src/FL.o
 .debug_macro   0x000000000001ec83      0x1fa Core/Src/dma.o
 .debug_macro   0x000000000001ee7d      0x1fa Core/Src/gpio.o
 .debug_macro   0x000000000001f077      0x225 Core/Src/main.o
 .debug_macro   0x000000000001f29c      0x118 Core/Src/main.o
 .debug_macro   0x000000000001f3b4      0x1f0 Core/Src/stm32f4xx_hal_msp.o
 .debug_macro   0x000000000001f5a4      0x1fa Core/Src/stm32f4xx_it.o
 .debug_macro   0x000000000001f79e      0x1d4 Core/Src/system_stm32f4xx.o
 .debug_macro   0x000000000001f972      0x1fa Core/Src/tim.o
 .debug_macro   0x000000000001fb6c      0x1fa Core/Src/usart.o
 .debug_macro   0x000000000001fd66      0x1f0 Core/ub_lib/stm32_ub_vga_screen.o
 .debug_macro   0x000000000001ff56      0x22e Drivers/STM32F4xx_HAL_Driver/Src/stm32f4xx_hal.o
 .debug_macro   0x0000000000020184      0x1ce Drivers/STM32F4xx_HAL_Driver/Src/stm32f4xx_hal_cortex.o
 .debug_macro   0x0000000000020352      0x1d4 Drivers/STM32F4xx_HAL_Driver/Src/stm32f4xx_hal_dma.o
 .debug_macro   0x0000000000020526      0x204 Drivers/STM32F4xx_HAL_Driver/Src/stm32f4xx_hal_gpio.o
 .debug_macro   0x000000000002072a      0x1f2 Drivers/STM32F4xx_HAL_Driver/Src/stm32f4xx_hal_rcc.o
 .debug_macro   0x000000000002091c      0x1cf Drivers/STM32F4xx_HAL_Driver/Src/stm32f4xx_hal_tim.o
 .debug_macro   0x0000000000020aeb      0x1ce Drivers/STM32F4xx_HAL_Driver/Src/stm32f4xx_hal_tim_ex.o
 .debug_macro   0x0000000000020cb9      0x1cf Drivers/STM32F4xx_HAL_Driver/Src/stm32f4xx_hal_uart.o

.debug_line     0x0000000000000000     0xaed0
 .debug_line    0x0000000000000000      0x7fd Core/Src/FL.o
 .debug_line    0x00000000000007fd      0x70b Core/Src/dma.o
 .debug_line    0x0000000000000f08      0x71b Core/Src/gpio.o
 .debug_line    0x0000000000001623      0x79f Core/Src/main.o
 .debug_line    0x0000000000001dc2      0x710 Core/Src/stm32f4xx_hal_msp.o
 .debug_line    0x00000000000024d2      0x82a Core/Src/stm32f4xx_it.o
 .debug_line    0x0000000000002cfc      0x6dc Core/Src/system_stm32f4xx.o
 .debug_line    0x00000000000033d8      0x7b9 Core/Src/tim.o
 .debug_line    0x0000000000003b91      0x747 Core/Src/usart.o
 .debug_line    0x00000000000042d8       0x85 Core/Startup/startup_stm32f407vgtx.o
 .debug_line    0x000000000000435d      0x77d Core/ub_lib/stm32_ub_vga_screen.o
 .debug_line    0x0000000000004ada      0x8c6 Drivers/STM32F4xx_HAL_Driver/Src/stm32f4xx_hal.o
 .debug_line    0x00000000000053a0      0x9ea Drivers/STM32F4xx_HAL_Driver/Src/stm32f4xx_hal_cortex.o
 .debug_line    0x0000000000005d8a      0x994 Drivers/STM32F4xx_HAL_Driver/Src/stm32f4xx_hal_dma.o
 .debug_line    0x000000000000671e      0x8a5 Drivers/STM32F4xx_HAL_Driver/Src/stm32f4xx_hal_gpio.o
 .debug_line    0x0000000000006fc3      0x91e Drivers/STM32F4xx_HAL_Driver/Src/stm32f4xx_hal_rcc.o
 .debug_line    0x00000000000078e1     0x193f Drivers/STM32F4xx_HAL_Driver/Src/stm32f4xx_hal_tim.o
 .debug_line    0x0000000000009220      0xcdc Drivers/STM32F4xx_HAL_Driver/Src/stm32f4xx_hal_tim_ex.o
 .debug_line    0x0000000000009efc      0xfd4 Drivers/STM32F4xx_HAL_Driver/Src/stm32f4xx_hal_uart.o

.debug_str      0x0000000000000000    0xc5e1c
 .debug_str     0x0000000000000000    0xc24d0 Core/Src/FL.o
                                      0xc2753 (size before relaxing)
 .debug_str     0x00000000000c24d0      0x5f6 Core/Src/dma.o
                                      0xc2934 (size before relaxing)
 .debug_str     0x00000000000c2ac6       0xae Core/Src/gpio.o
                                      0xc24d2 (size before relaxing)
 .debug_str     0x00000000000c2b74      0x6dc Core/Src/main.o
                                      0xc2f06 (size before relaxing)
 .debug_str     0x00000000000c3250       0x2c Core/Src/stm32f4xx_hal_msp.o
                                      0xc244b (size before relaxing)
 .debug_str     0x00000000000c327c      0x10e Core/Src/stm32f4xx_it.o
                                      0xc2a3e (size before relaxing)
 .debug_str     0x00000000000c338a       0xc4 Core/Src/system_stm32f4xx.o
                                      0xc1efd (size before relaxing)
 .debug_str     0x00000000000c344e      0x1bf Core/Src/tim.o
                                      0xc2fa7 (size before relaxing)
 .debug_str     0x00000000000c360d       0x57 Core/Src/usart.o
                                      0xc2e00 (size before relaxing)
 .debug_str     0x00000000000c3664       0x63 Core/Startup/startup_stm32f407vgtx.o
 .debug_str     0x00000000000c36c7       0x60 Core/ub_lib/stm32_ub_vga_screen.o
                                      0xc27e6 (size before relaxing)
 .debug_str     0x00000000000c3727      0x58d Drivers/STM32F4xx_HAL_Driver/Src/stm32f4xx_hal.o
                                      0xc29ca (size before relaxing)
 .debug_str     0x00000000000c3cb4      0x399 Drivers/STM32F4xx_HAL_Driver/Src/stm32f4xx_hal_cortex.o
                                      0xc27b9 (size before relaxing)
 .debug_str     0x00000000000c404d      0x323 Drivers/STM32F4xx_HAL_Driver/Src/stm32f4xx_hal_dma.o
                                      0xc2312 (size before relaxing)
 .debug_str     0x00000000000c4370      0x207 Drivers/STM32F4xx_HAL_Driver/Src/stm32f4xx_hal_gpio.o
                                      0xc213c (size before relaxing)
 .debug_str     0x00000000000c4577      0x259 Drivers/STM32F4xx_HAL_Driver/Src/stm32f4xx_hal_rcc.o
                                      0xc22ea (size before relaxing)
 .debug_str     0x00000000000c47d0      0xc8e Drivers/STM32F4xx_HAL_Driver/Src/stm32f4xx_hal_tim.o
                                      0xc3009 (size before relaxing)
 .debug_str     0x00000000000c545e      0x4a2 Drivers/STM32F4xx_HAL_Driver/Src/stm32f4xx_hal_tim_ex.o
                                      0xc2809 (size before relaxing)
 .debug_str     0x00000000000c5900      0x51c Drivers/STM32F4xx_HAL_Driver/Src/stm32f4xx_hal_uart.o
                                      0xc2749 (size before relaxing)

.comment        0x0000000000000000       0x7b
 .comment       0x0000000000000000       0x7b Core/Src/FL.o
                                         0x7c (size before relaxing)
 .comment       0x000000000000007b       0x7c Core/Src/dma.o
 .comment       0x000000000000007b       0x7c Core/Src/gpio.o
 .comment       0x000000000000007b       0x7c Core/Src/main.o
 .comment       0x000000000000007b       0x7c Core/Src/stm32f4xx_hal_msp.o
 .comment       0x000000000000007b       0x7c Core/Src/stm32f4xx_it.o
 .comment       0x000000000000007b       0x7c Core/Src/system_stm32f4xx.o
 .comment       0x000000000000007b       0x7c Core/Src/tim.o
 .comment       0x000000000000007b       0x7c Core/Src/usart.o
 .comment       0x000000000000007b       0x7c Core/ub_lib/stm32_ub_vga_screen.o
 .comment       0x000000000000007b       0x7c Drivers/STM32F4xx_HAL_Driver/Src/stm32f4xx_hal.o
 .comment       0x000000000000007b       0x7c Drivers/STM32F4xx_HAL_Driver/Src/stm32f4xx_hal_cortex.o
 .comment       0x000000000000007b       0x7c Drivers/STM32F4xx_HAL_Driver/Src/stm32f4xx_hal_dma.o
 .comment       0x000000000000007b       0x7c Drivers/STM32F4xx_HAL_Driver/Src/stm32f4xx_hal_gpio.o
 .comment       0x000000000000007b       0x7c Drivers/STM32F4xx_HAL_Driver/Src/stm32f4xx_hal_rcc.o
 .comment       0x000000000000007b       0x7c Drivers/STM32F4xx_HAL_Driver/Src/stm32f4xx_hal_tim.o
 .comment       0x000000000000007b       0x7c Drivers/STM32F4xx_HAL_Driver/Src/stm32f4xx_hal_tim_ex.o
 .comment       0x000000000000007b       0x7c Drivers/STM32F4xx_HAL_Driver/Src/stm32f4xx_hal_uart.o

.debug_frame    0x0000000000000000     0x32bc
 .debug_frame   0x0000000000000000       0xb8 Core/Src/FL.o
 .debug_frame   0x00000000000000b8       0x34 Core/Src/dma.o
 .debug_frame   0x00000000000000ec       0x34 Core/Src/gpio.o
 .debug_frame   0x0000000000000120       0x74 Core/Src/main.o
 .debug_frame   0x0000000000000194       0x38 Core/Src/stm32f4xx_hal_msp.o
 .debug_frame   0x00000000000001cc      0x168 Core/Src/stm32f4xx_it.o
 .debug_frame   0x0000000000000334       0x58 Core/Src/system_stm32f4xx.o
 .debug_frame   0x000000000000038c      0x10c Core/Src/tim.o
 .debug_frame   0x0000000000000498       0x74 Core/Src/usart.o
 .debug_frame   0x000000000000050c       0x78 Core/ub_lib/stm32_ub_vga_screen.o
 .debug_frame   0x0000000000000584      0x374 Drivers/STM32F4xx_HAL_Driver/Src/stm32f4xx_hal.o
 .debug_frame   0x00000000000008f8      0x498 Drivers/STM32F4xx_HAL_Driver/Src/stm32f4xx_hal_cortex.o
 .debug_frame   0x0000000000000d90      0x250 Drivers/STM32F4xx_HAL_Driver/Src/stm32f4xx_hal_dma.o
 .debug_frame   0x0000000000000fe0      0x14c Drivers/STM32F4xx_HAL_Driver/Src/stm32f4xx_hal_gpio.o
 .debug_frame   0x000000000000112c      0x1f0 Drivers/STM32F4xx_HAL_Driver/Src/stm32f4xx_hal_rcc.o
 .debug_frame   0x000000000000131c     0x10f0 Drivers/STM32F4xx_HAL_Driver/Src/stm32f4xx_hal_tim.o
 .debug_frame   0x000000000000240c      0x5c0 Drivers/STM32F4xx_HAL_Driver/Src/stm32f4xx_hal_tim_ex.o
 .debug_frame   0x00000000000029cc      0x844 Drivers/STM32F4xx_HAL_Driver/Src/stm32f4xx_hal_uart.o
 .debug_frame   0x0000000000003210       0x2c c:/st/stm32cubeide_1.1.0/stm32cubeide/plugins/com.st.stm32cube.ide.mcu.externaltools.gnu-tools-for-stm32.7-2018-q2-update.win32_1.0.0.201904181610/tools/bin/../lib/gcc/arm-none-eabi/7.3.1/../../../../arm-none-eabi/lib/thumb/v7e-m/fpv4-sp/hard\libc_nano.a(lib_a-init.o)
 .debug_frame   0x000000000000323c       0x20 c:/st/stm32cubeide_1.1.0/stm32cubeide/plugins/com.st.stm32cube.ide.mcu.externaltools.gnu-tools-for-stm32.7-2018-q2-update.win32_1.0.0.201904181610/tools/bin/../lib/gcc/arm-none-eabi/7.3.1/../../../../arm-none-eabi/lib/thumb/v7e-m/fpv4-sp/hard\libc_nano.a(lib_a-memset.o)
 .debug_frame   0x000000000000325c       0x2c c:/st/stm32cubeide_1.1.0/stm32cubeide/plugins/com.st.stm32cube.ide.mcu.externaltools.gnu-tools-for-stm32.7-2018-q2-update.win32_1.0.0.201904181610/tools/bin/../lib/gcc/arm-none-eabi/7.3.1/thumb/v7e-m/fpv4-sp/hard\libgcc.a(_aeabi_uldivmod.o)
 .debug_frame   0x0000000000003288       0x34 c:/st/stm32cubeide_1.1.0/stm32cubeide/plugins/com.st.stm32cube.ide.mcu.externaltools.gnu-tools-for-stm32.7-2018-q2-update.win32_1.0.0.201904181610/tools/bin/../lib/gcc/arm-none-eabi/7.3.1/thumb/v7e-m/fpv4-sp/hard\libgcc.a(_udivmoddi4.o)
