Archive member included to satisfy reference by file (symbol)

c:/st/stm32cubeide_1.1.0/stm32cubeide/plugins/com.st.stm32cube.ide.mcu.externaltools.gnu-tools-for-stm32.7-2018-q2-update.win32_1.0.0.201904181610/tools/bin/../lib/gcc/arm-none-eabi/7.3.1/../../../../arm-none-eabi/lib/thumb/v7e-m/fpv4-sp/hard\libc_nano.a(lib_a-atoi.o)
                              Core/Src/FL.o (atoi)
c:/st/stm32cubeide_1.1.0/stm32cubeide/plugins/com.st.stm32cube.ide.mcu.externaltools.gnu-tools-for-stm32.7-2018-q2-update.win32_1.0.0.201904181610/tools/bin/../lib/gcc/arm-none-eabi/7.3.1/../../../../arm-none-eabi/lib/thumb/v7e-m/fpv4-sp/hard\libc_nano.a(lib_a-errno.o)
                              Core/Src/syscalls.o (__errno)
c:/st/stm32cubeide_1.1.0/stm32cubeide/plugins/com.st.stm32cube.ide.mcu.externaltools.gnu-tools-for-stm32.7-2018-q2-update.win32_1.0.0.201904181610/tools/bin/../lib/gcc/arm-none-eabi/7.3.1/../../../../arm-none-eabi/lib/thumb/v7e-m/fpv4-sp/hard\libc_nano.a(lib_a-exit.o)
                              c:/st/stm32cubeide_1.1.0/stm32cubeide/plugins/com.st.stm32cube.ide.mcu.externaltools.gnu-tools-for-stm32.7-2018-q2-update.win32_1.0.0.201904181610/tools/bin/../lib/gcc/arm-none-eabi/7.3.1/../../../../arm-none-eabi/lib/thumb/v7e-m/fpv4-sp/hard/crt0.o (exit)
c:/st/stm32cubeide_1.1.0/stm32cubeide/plugins/com.st.stm32cube.ide.mcu.externaltools.gnu-tools-for-stm32.7-2018-q2-update.win32_1.0.0.201904181610/tools/bin/../lib/gcc/arm-none-eabi/7.3.1/../../../../arm-none-eabi/lib/thumb/v7e-m/fpv4-sp/hard\libc_nano.a(lib_a-impure.o)
                              c:/st/stm32cubeide_1.1.0/stm32cubeide/plugins/com.st.stm32cube.ide.mcu.externaltools.gnu-tools-for-stm32.7-2018-q2-update.win32_1.0.0.201904181610/tools/bin/../lib/gcc/arm-none-eabi/7.3.1/../../../../arm-none-eabi/lib/thumb/v7e-m/fpv4-sp/hard\libc_nano.a(lib_a-exit.o) (_global_impure_ptr)
c:/st/stm32cubeide_1.1.0/stm32cubeide/plugins/com.st.stm32cube.ide.mcu.externaltools.gnu-tools-for-stm32.7-2018-q2-update.win32_1.0.0.201904181610/tools/bin/../lib/gcc/arm-none-eabi/7.3.1/../../../../arm-none-eabi/lib/thumb/v7e-m/fpv4-sp/hard\libc_nano.a(lib_a-init.o)
                              c:/st/stm32cubeide_1.1.0/stm32cubeide/plugins/com.st.stm32cube.ide.mcu.externaltools.gnu-tools-for-stm32.7-2018-q2-update.win32_1.0.0.201904181610/tools/bin/../lib/gcc/arm-none-eabi/7.3.1/../../../../arm-none-eabi/lib/thumb/v7e-m/fpv4-sp/hard/crt0.o (__libc_init_array)
c:/st/stm32cubeide_1.1.0/stm32cubeide/plugins/com.st.stm32cube.ide.mcu.externaltools.gnu-tools-for-stm32.7-2018-q2-update.win32_1.0.0.201904181610/tools/bin/../lib/gcc/arm-none-eabi/7.3.1/../../../../arm-none-eabi/lib/thumb/v7e-m/fpv4-sp/hard\libc_nano.a(lib_a-memset.o)
                              c:/st/stm32cubeide_1.1.0/stm32cubeide/plugins/com.st.stm32cube.ide.mcu.externaltools.gnu-tools-for-stm32.7-2018-q2-update.win32_1.0.0.201904181610/tools/bin/../lib/gcc/arm-none-eabi/7.3.1/../../../../arm-none-eabi/lib/thumb/v7e-m/fpv4-sp/hard/crt0.o (memset)
c:/st/stm32cubeide_1.1.0/stm32cubeide/plugins/com.st.stm32cube.ide.mcu.externaltools.gnu-tools-for-stm32.7-2018-q2-update.win32_1.0.0.201904181610/tools/bin/../lib/gcc/arm-none-eabi/7.3.1/../../../../arm-none-eabi/lib/thumb/v7e-m/fpv4-sp/hard\libc_nano.a(lib_a-strtol.o)
                              c:/st/stm32cubeide_1.1.0/stm32cubeide/plugins/com.st.stm32cube.ide.mcu.externaltools.gnu-tools-for-stm32.7-2018-q2-update.win32_1.0.0.201904181610/tools/bin/../lib/gcc/arm-none-eabi/7.3.1/../../../../arm-none-eabi/lib/thumb/v7e-m/fpv4-sp/hard\libc_nano.a(lib_a-atoi.o) (_strtol_r)
c:/st/stm32cubeide_1.1.0/stm32cubeide/plugins/com.st.stm32cube.ide.mcu.externaltools.gnu-tools-for-stm32.7-2018-q2-update.win32_1.0.0.201904181610/tools/bin/../lib/gcc/arm-none-eabi/7.3.1/../../../../arm-none-eabi/lib/thumb/v7e-m/fpv4-sp/hard\libc_nano.a(lib_a-locale.o)
                              c:/st/stm32cubeide_1.1.0/stm32cubeide/plugins/com.st.stm32cube.ide.mcu.externaltools.gnu-tools-for-stm32.7-2018-q2-update.win32_1.0.0.201904181610/tools/bin/../lib/gcc/arm-none-eabi/7.3.1/../../../../arm-none-eabi/lib/thumb/v7e-m/fpv4-sp/hard\libc_nano.a(lib_a-strtol.o) (__locale_ctype_ptr_l)
c:/st/stm32cubeide_1.1.0/stm32cubeide/plugins/com.st.stm32cube.ide.mcu.externaltools.gnu-tools-for-stm32.7-2018-q2-update.win32_1.0.0.201904181610/tools/bin/../lib/gcc/arm-none-eabi/7.3.1/../../../../arm-none-eabi/lib/thumb/v7e-m/fpv4-sp/hard\libc_nano.a(lib_a-mbtowc_r.o)
                              c:/st/stm32cubeide_1.1.0/stm32cubeide/plugins/com.st.stm32cube.ide.mcu.externaltools.gnu-tools-for-stm32.7-2018-q2-update.win32_1.0.0.201904181610/tools/bin/../lib/gcc/arm-none-eabi/7.3.1/../../../../arm-none-eabi/lib/thumb/v7e-m/fpv4-sp/hard\libc_nano.a(lib_a-locale.o) (__ascii_mbtowc)
[...]
Memory Configuration

Name             Origin             Length             Attributes
CCMRAM           0x0000000010000000 0x0000000000010000 xrw
RAM              0x0000000020000000 0x0000000000020000 xrw
FLASH            0x0000000008000000 0x0000000000100000 xr
*default*        0x0000000000000000 0xffffffffffffffff

Linker script and memory map

LOAD c:/st/stm32cubeide_1.1.0/stm32cubeide/plugins/com.st.stm32cube.ide.mcu.externaltools.gnu-tools-for-stm32.7-2018-q2-update.win32_1.0.0.201904181610/tools/bin/../lib/gcc/arm-none-eabi/7.3.1/thumb/v7e-m/fpv4-sp/hard/crti.o
LOAD c:/st/stm32cubeide_1.1.0/stm32cubeide/plugins/com.st.stm32cube.ide.mcu.externaltools.gnu-tools-for-stm32.7-2018-q2-update.win32_1.0.0.201904181610/tools/bin/../lib/gcc/arm-none-eabi/7.3.1/thumb/v7e-m/fpv4-sp/hard/crtbegin.o
LOAD c:/st/stm32cubeide_1.1.0/stm32cubeide/plugins/com.st.stm32cube.ide.mcu.externaltools.gnu-tools-for-stm32.7-2018-q2-update.win32_1.0.0.201904181610/tools/bin/../lib/gcc/arm-none-eabi/7.3.1/../../../../arm-none-eabi/lib/thumb/v7e-m/fpv4-sp/hard/crt0.o
LOAD Core/Src/FL.o
LOAD Core/Src/dma.o
LOAD Core/Src/gpio.o
LOAD Core/Src/main.o
LOAD Core/Src/stm32f4xx_hal_msp.o
LOAD Core/Src/stm32f4xx_it.o
LOAD Core/Src/syscalls.o
LOAD Core/Src/sysmem.o
LOAD Core/Src/system_stm32f4xx.o
LOAD Core/Src/tim.o
LOAD Core/Src/usart.o
LOAD Core/Startup/startup_stm32f407vgtx.o
LOAD Core/ub_lib/stm32_ub_vga_screen.o
LOAD Drivers/STM32F4xx_HAL_Driver/Src/stm32f4xx_hal.o
LOAD Drivers/STM32F4xx_HAL_Driver/Src/stm32f4xx_hal_cortex.o
LOAD Drivers/STM32F4xx_HAL_Driver/Src/stm32f4xx_hal_dma.o
LOAD Drivers/STM32F4xx_HAL_Driver/Src/stm32f4xx_hal_dma_ex.o
LOAD Drivers/STM32F4xx_HAL_Driver/Src/stm32f4xx_hal_exti.o
LOAD Drivers/STM32F4xx_HAL_Driver/Src/stm32f4xx_hal_flash.o
LOAD Drivers/STM32F4xx_HAL_Driver/Src/stm32f4xx_hal_flash_ex.o
LOAD Drivers/STM32F4xx_HAL_Driver/Src/stm32f4xx_hal_flash_ramfunc.o
LOAD Drivers/STM32F4xx_HAL_Driver/Src/stm32f4xx_hal_gpio.o
LOAD Drivers/STM32F4xx_HAL_Driver/Src/stm32f4xx_hal_pwr.o
LOAD Drivers/STM32F4xx_HAL_Driver/Src/stm32f4xx_hal_pwr_ex.o
LOAD Drivers/STM32F4xx_HAL_Driver/Src/stm32f4xx_hal_rcc.o
LOAD Drivers/STM32F4xx_HAL_Driver/Src/stm32f4xx_hal_rcc_ex.o
LOAD Drivers/STM32F4xx_HAL_Driver/Src/stm32f4xx_hal_tim.o
LOAD Drivers/STM32F4xx_HAL_Driver/Src/stm32f4xx_hal_tim_ex.o
LOAD Drivers/STM32F4xx_HAL_Driver/Src/stm32f4xx_hal_uart.o
START GROUP
LOAD c:/st/stm32cubeide_1.1.0/stm32cubeide/plugins/com.st.stm32cube.ide.mcu.externaltools.gnu-tools-for-stm32.7-2018-q2-update.win32_1.0.0.201904181610/tools/bin/../lib/gcc/arm-none-eabi/7.3.1/../../../../arm-none-eabi/lib/thumb/v7e-m/fpv4-sp/hard\libc_nano.a
LOAD c:/st/stm32cubeide_1.1.0/stm32cubeide/plugins/com.st.stm32cube.ide.mcu.externaltools.gnu-tools-for-stm32.7-2018-q2-update.win32_1.0.0.201904181610/tools/bin/../lib/gcc/arm-none-eabi/7.3.1/../../../../arm-none-eabi/lib/thumb/v7e-m/fpv4-sp/hard\libm.a
END GROUP
START GROUP
LOAD c:/st/stm32cubeide_1.1.0/stm32cubeide/plugins/com.st.stm32cube.ide.mcu.externaltools.gnu-tools-for-stm32.7-2018-q2-update.win32_1.0.0.201904181610/tools/bin/../lib/gcc/arm-none-eabi/7.3.1/thumb/v7e-m/fpv4-sp/hard\libgcc.a
LOAD c:/st/stm32cubeide_1.1.0/stm32cubeide/plugins/com.st.stm32cube.ide.mcu.externaltools.gnu-tools-for-stm32.7-2018-q2-update.win32_1.0.0.201904181610/tools/bin/../lib/gcc/arm-none-eabi/7.3.1/../../../../arm-none-eabi/lib/thumb/v7e-m/fpv4-sp/hard\libc_nano.a
END GROUP
START GROUP
LOAD c:/st/stm32cubeide_1.1.0/stm32cubeide/plugins/com.st.stm32cube.ide.mcu.externaltools.gnu-tools-for-stm32.7-2018-q2-update.win32_1.0.0.201904181610/tools/bin/../lib/gcc/arm-none-eabi/7.3.1/thumb/v7e-m/fpv4-sp/hard\libgcc.a
LOAD c:/st/stm32cubeide_1.1.0/stm32cubeide/plugins/com.st.stm32cube.ide.mcu.externaltools.gnu-tools-for-stm32.7-2018-q2-update.win32_1.0.0.201904181610/tools/bin/../lib/gcc/arm-none-eabi/7.3.1/../../../../arm-none-eabi/lib/thumb/v7e-m/fpv4-sp/hard\libc_nano.a
LOAD c:/st/stm32cubeide_1.1.0/stm32cubeide/plugins/com.st.stm32cube.ide.mcu.externaltools.gnu-tools-for-stm32.7-2018-q2-update.win32_1.0.0.201904181610/tools/bin/../lib/gcc/arm-none-eabi/7.3.1/../../../../arm-none-eabi/lib/thumb/v7e-m/fpv4-sp/hard\libnosys.a
END GROUP
START GROUP
LOAD c:/st/stm32cubeide_1.1.0/stm32cubeide/plugins/com.st.stm32cube.ide.mcu.externaltools.gnu-tools-for-stm32.7-2018-q2-update.win32_1.0.0.201904181610/tools/bin/../lib/gcc/arm-none-eabi/7.3.1/thumb/v7e-m/fpv4-sp/hard\libgcc.a
LOAD c:/st/stm32cubeide_1.1.0/stm32cubeide/plugins/com.st.stm32cube.ide.mcu.externaltools.gnu-tools-for-stm32.7-2018-q2-update.win32_1.0.0.201904181610/tools/bin/../lib/gcc/arm-none-eabi/7.3.1/../../../../arm-none-eabi/lib/thumb/v7e-m/fpv4-sp/hard\libc_nano.a
LOAD c:/st/stm32cubeide_1.1.0/stm32cubeide/plugins/com.st.stm32cube.ide.mcu.externaltools.gnu-tools-for-stm32.7-2018-q2-update.win32_1.0.0.201904181610/tools/bin/../lib/gcc/arm-none-eabi/7.3.1/../../../../arm-none-eabi/lib/thumb/v7e-m/fpv4-sp/hard\libnosys.a
END GROUP
LOAD c:/st/stm32cubeide_1.1.0/stm32cubeide/plugins/com.st.stm32cube.ide.mcu.externaltools.gnu-tools-for-stm32.7-2018-q2-update.win32_1.0.0.201904181610/tools/bin/../lib/gcc/arm-none-eabi/7.3.1/thumb/v7e-m/fpv4-sp/hard/crtend.o
LOAD c:/st/stm32cubeide_1.1.0/stm32cubeide/plugins/com.st.stm32cube.ide.mcu.externaltools.gnu-tools-for-stm32.7-2018-q2-update.win32_1.0.0.201904181610/tools/bin/../lib/gcc/arm-none-eabi/7.3.1/thumb/v7e-m/fpv4-sp/hard/crtn.o
                0x0000000020020000                _estack = (ORIGIN (RAM) + LENGTH (RAM))
                0x0000000000000200                _Min_Heap_Size = 0x200
                0x0000000000000400                _Min_Stack_Size = 0x400

.isr_vector     0x0000000008000000      0x188
                0x0000000008000000                . = ALIGN (0x4)
 *(.isr_vector)
 .isr_vector    0x0000000008000000      0x188 Core/Startup/startup_stm32f407vgtx.o
                0x0000000008000000                g_pfnVectors
                0x0000000008000188                . = ALIGN (0x4)

.text           0x0000000008000188     0x4a28
                0x0000000008000188                . = ALIGN (0x4)
 *(.text)
 .text          0x0000000008000188       0x40 c:/st/stm32cubeide_1.1.0/stm32cubeide/plugins/com.st.stm32cube.ide.mcu.externaltools.gnu-tools-for-stm32.7-2018-q2-update.win32_1.0.0.201904181610/tools/bin/../lib/gcc/arm-none-eabi/7.3.1/thumb/v7e-m/fpv4-sp/hard/crtbegin.o
 .text          0x00000000080001c8       0x30 c:/st/stm32cubeide_1.1.0/stm32cubeide/plugins/com.st.stm32cube.ide.mcu.externaltools.gnu-tools-for-stm32.7-2018-q2-update.win32_1.0.0.201904181610/tools/bin/../lib/gcc/arm-none-eabi/7.3.1/thumb/v7e-m/fpv4-sp/hard\libgcc.a(_aeabi_uldivmod.o)
                0x00000000080001c8                __aeabi_uldivmod
 .text          0x00000000080001f8      0x2cc c:/st/stm32cubeide_1.1.0/stm32cubeide/plugins/com.st.stm32cube.ide.mcu.externaltools.gnu-tools-for-stm32.7-2018-q2-update.win32_1.0.0.201904181610/tools/bin/../lib/gcc/arm-none-eabi/7.3.1/thumb/v7e-m/fpv4-sp/hard\libgcc.a(_udivmoddi4.o)
                0x00000000080001f8                __udivmoddi4
 .text          0x00000000080004c4        0x4 c:/st/stm32cubeide_1.1.0/stm32cubeide/plugins/com.st.stm32cube.ide.mcu.externaltools.gnu-tools-for-stm32.7-2018-q2-update.win32_1.0.0.201904181610/tools/bin/../lib/gcc/arm-none-eabi/7.3.1/thumb/v7e-m/fpv4-sp/hard\libgcc.a(_dvmd_tls.o)
                0x00000000080004c4                __aeabi_idiv0
                0x00000000080004c4                __aeabi_ldiv0
 *(.text*)
 .text.FL_uart_decode
                0x00000000080004c8       0xe8 Core/Src/FL.o
                0x00000000080004c8                FL_uart_decode
 .text.FL_find_decode_nr
                0x00000000080005b0       0x98 Core/Src/FL.o
                0x00000000080005b0                FL_find_decode_nr
 .text.FL_find_args
                0x0000000008000648      0x13c Core/Src/FL.o
                0x0000000008000648                FL_find_args
 .text.FL_convert_args
                0x0000000008000784      0x3e8 Core/Src/FL.o
                0x0000000008000784                FL_convert_args
 .text.FL_find_color
                0x0000000008000b6c      0x16c Core/Src/FL.o
                0x0000000008000b6c                FL_find_color
 .text.FL_error_handler
                0x0000000008000cd8        0xa Core/Src/FL.o
                0x0000000008000cd8                FL_error_handler
 *fill*         0x0000000008000ce2        0x2 
 .text.MX_DMA_Init
                0x0000000008000ce4       0x40 Core/Src/dma.o
                0x0000000008000ce4                MX_DMA_Init
 .text.MX_GPIO_Init
                0x0000000008000d24       0xf0 Core/Src/gpio.o
                0x0000000008000d24                MX_GPIO_Init
 .text.LL_exec  0x0000000008000e14       0x14 Core/Src/main.o
                0x0000000008000e14                LL_exec
 .text.main     0x0000000008000e28       0xd8 Core/Src/main.o
                0x0000000008000e28                main
 .text.SystemClock_Config
                0x0000000008000f00       0xd4 Core/Src/main.o
                0x0000000008000f00                SystemClock_Config
 .text.Error_Handler
                0x0000000008000fd4        0xe Core/Src/main.o
                0x0000000008000fd4                Error_Handler
 *fill*         0x0000000008000fe2        0x2 
 .text.HAL_MspInit
                0x0000000008000fe4       0x50 Core/Src/stm32f4xx_hal_msp.o
                0x0000000008000fe4                HAL_MspInit
 .text.NMI_Handler
                0x0000000008001034        0xe Core/Src/stm32f4xx_it.o
                0x0000000008001034                NMI_Handler
 .text.HardFault_Handler
                0x0000000008001042        0x6 Core/Src/stm32f4xx_it.o
                0x0000000008001042                HardFault_Handler
 .text.MemManage_Handler
                0x0000000008001048        0x6 Core/Src/stm32f4xx_it.o
                0x0000000008001048                MemManage_Handler
 .text.BusFault_Handler
                0x000000000800104e        0x6 Core/Src/stm32f4xx_it.o
                0x000000000800104e                BusFault_Handler
 .text.UsageFault_Handler
                0x0000000008001054        0x6 Core/Src/stm32f4xx_it.o
                0x0000000008001054                UsageFault_Handler
 .text.SVC_Handler
                0x000000000800105a        0xe Core/Src/stm32f4xx_it.o
                0x000000000800105a                SVC_Handler
 .text.DebugMon_Handler
                0x0000000008001068        0xe Core/Src/stm32f4xx_it.o
                0x0000000008001068                DebugMon_Handler
 .text.PendSV_Handler
                0x0000000008001076        0xe Core/Src/stm32f4xx_it.o
                0x0000000008001076                PendSV_Handler
 .text.SysTick_Handler
                0x0000000008001084        0xc Core/Src/stm32f4xx_it.o
                0x0000000008001084                SysTick_Handler
 .text.TIM2_IRQHandler
                0x0000000008001090       0xc4 Core/Src/stm32f4xx_it.o
                0x0000000008001090                TIM2_IRQHandler
 .text.USART2_IRQHandler
                0x0000000008001154       0x74 Core/Src/stm32f4xx_it.o
                0x0000000008001154                USART2_IRQHandler
 .text.DMA2_Stream5_IRQHandler
                0x00000000080011c8       0x54 Core/Src/stm32f4xx_it.o
                0x00000000080011c8                DMA2_Stream5_IRQHandler
 .text.SystemInit
                0x000000000800121c       0x2c Core/Src/system_stm32f4xx.o
                0x000000000800121c                SystemInit
 .text.MX_TIM1_Init
                0x0000000008001248       0xa0 Core/Src/tim.o
                0x0000000008001248                MX_TIM1_Init
 .text.MX_TIM2_Init
                0x00000000080012e8       0xd0 Core/Src/tim.o
                0x00000000080012e8                MX_TIM2_Init
 .text.HAL_TIM_Base_MspInit
                0x00000000080013b8       0xa4 Core/Src/tim.o
                0x00000000080013b8                HAL_TIM_Base_MspInit
 .text.HAL_TIM_PWM_MspInit
                0x000000000800145c       0x4c Core/Src/tim.o
                0x000000000800145c                HAL_TIM_PWM_MspInit
 .text.HAL_TIM_MspPostInit
                0x00000000080014a8       0x70 Core/Src/tim.o
                0x00000000080014a8                HAL_TIM_MspPostInit
 .text.MX_USART2_UART_Init
                0x0000000008001518       0x54 Core/Src/usart.o
                0x0000000008001518                MX_USART2_UART_Init
 .text.HAL_UART_MspInit
                0x000000000800156c       0xa0 Core/Src/usart.o
                0x000000000800156c                HAL_UART_MspInit
 .text.Reset_Handler
                0x000000000800160c       0x50 Core/Startup/startup_stm32f407vgtx.o
                0x000000000800160c                Reset_Handler
 .text.Default_Handler
                0x000000000800165c        0x2 Core/Startup/startup_stm32f407vgtx.o
                0x000000000800165c                RTC_Alarm_IRQHandler
                0x000000000800165c                HASH_RNG_IRQHandler
                0x000000000800165c                EXTI2_IRQHandler
                0x000000000800165c                TIM8_CC_IRQHandler
                0x000000000800165c                TIM1_CC_IRQHandler
                0x000000000800165c                DMA1_Stream5_IRQHandler
                0x000000000800165c                PVD_IRQHandler
                0x000000000800165c                SDIO_IRQHandler
                0x000000000800165c                TAMP_STAMP_IRQHandler
                0x000000000800165c                CAN2_RX1_IRQHandler
                0x000000000800165c                EXTI3_IRQHandler
                0x000000000800165c                TIM8_TRG_COM_TIM14_IRQHandler
                0x000000000800165c                TIM1_UP_TIM10_IRQHandler
                0x000000000800165c                TIM8_UP_TIM13_IRQHandler
                0x000000000800165c                I2C3_ER_IRQHandler
                0x000000000800165c                EXTI0_IRQHandler
                0x000000000800165c                I2C2_EV_IRQHandler
                0x000000000800165c                DMA1_Stream2_IRQHandler
                0x000000000800165c                CAN1_RX0_IRQHandler
                0x000000000800165c                FPU_IRQHandler
                0x000000000800165c                OTG_HS_WKUP_IRQHandler
                0x000000000800165c                CAN2_SCE_IRQHandler
                0x000000000800165c                DMA2_Stream2_IRQHandler
                0x000000000800165c                SPI1_IRQHandler
                0x000000000800165c                TIM6_DAC_IRQHandler
                0x000000000800165c                TIM1_BRK_TIM9_IRQHandler
                0x000000000800165c                DCMI_IRQHandler
                0x000000000800165c                CAN2_RX0_IRQHandler
                0x000000000800165c                DMA2_Stream3_IRQHandler
                0x000000000800165c                USART6_IRQHandler
                0x000000000800165c                USART3_IRQHandler
                0x000000000800165c                CAN1_RX1_IRQHandler
                0x000000000800165c                UART5_IRQHandler
                0x000000000800165c                DMA2_Stream0_IRQHandler
                0x000000000800165c                TIM4_IRQHandler
                0x000000000800165c                I2C1_EV_IRQHandler
                0x000000000800165c                DMA1_Stream6_IRQHandler
                0x000000000800165c                DMA1_Stream1_IRQHandler
                0x000000000800165c                UART4_IRQHandler
                0x000000000800165c                TIM3_IRQHandler
                0x000000000800165c                RCC_IRQHandler
                0x000000000800165c                TIM8_BRK_TIM12_IRQHandler
                0x000000000800165c                Default_Handler
                0x000000000800165c                EXTI15_10_IRQHandler
                0x000000000800165c                ADC_IRQHandler
                0x000000000800165c                DMA1_Stream7_IRQHandler
                0x000000000800165c                TIM7_IRQHandler
                0x000000000800165c                CAN2_TX_IRQHandler
                0x000000000800165c                TIM5_IRQHandler
                0x000000000800165c                DMA2_Stream7_IRQHandler
                0x000000000800165c                I2C3_EV_IRQHandler
                0x000000000800165c                EXTI9_5_IRQHandler
                0x000000000800165c                RTC_WKUP_IRQHandler
                0x000000000800165c                ETH_WKUP_IRQHandler
                0x000000000800165c                SPI2_IRQHandler
                0x000000000800165c                OTG_HS_EP1_IN_IRQHandler
                0x000000000800165c                DMA1_Stream0_IRQHandler
                0x000000000800165c                CAN1_TX_IRQHandler
                0x000000000800165c                EXTI4_IRQHandler
                0x000000000800165c                FSMC_IRQHandler
                0x000000000800165c                ETH_IRQHandler
                0x000000000800165c                OTG_HS_EP1_OUT_IRQHandler
                0x000000000800165c                WWDG_IRQHandler
                0x000000000800165c                OTG_FS_WKUP_IRQHandler
                0x000000000800165c                TIM1_TRG_COM_TIM11_IRQHandler
                0x000000000800165c                OTG_HS_IRQHandler
                0x000000000800165c                EXTI1_IRQHandler
                0x000000000800165c                I2C2_ER_IRQHandler
                0x000000000800165c                DMA2_Stream1_IRQHandler
                0x000000000800165c                CAN1_SCE_IRQHandler
                0x000000000800165c                FLASH_IRQHandler
                0x000000000800165c                DMA2_Stream4_IRQHandler
                0x000000000800165c                USART1_IRQHandler
                0x000000000800165c                OTG_FS_IRQHandler
                0x000000000800165c                SPI3_IRQHandler
                0x000000000800165c                DMA1_Stream4_IRQHandler
                0x000000000800165c                I2C1_ER_IRQHandler
                0x000000000800165c                DMA2_Stream6_IRQHandler
                0x000000000800165c                DMA1_Stream3_IRQHandler
 *fill*         0x000000000800165e        0x2 
 .text.UB_VGA_Screen_Init
                0x0000000008001660       0xa4 Core/ub_lib/stm32_ub_vga_screen.o
                0x0000000008001660                UB_VGA_Screen_Init
 .text.UB_VGA_FillScreen
                0x0000000008001704       0x44 Core/ub_lib/stm32_ub_vga_screen.o
                0x0000000008001704                UB_VGA_FillScreen
 .text.UB_VGA_SetPixel
                0x0000000008001748       0x50 Core/ub_lib/stm32_ub_vga_screen.o
                0x0000000008001748                UB_VGA_SetPixel
 .text.HAL_Init
                0x0000000008001798       0x44 Drivers/STM32F4xx_HAL_Driver/Src/stm32f4xx_hal.o
                0x0000000008001798                HAL_Init
 .text.HAL_InitTick
                0x00000000080017dc       0x60 Drivers/STM32F4xx_HAL_Driver/Src/stm32f4xx_hal.o
                0x00000000080017dc                HAL_InitTick
 .text.HAL_IncTick
                0x000000000800183c       0x28 Drivers/STM32F4xx_HAL_Driver/Src/stm32f4xx_hal.o
                0x000000000800183c                HAL_IncTick
 .text.HAL_GetTick
                0x0000000008001864       0x18 Drivers/STM32F4xx_HAL_Driver/Src/stm32f4xx_hal.o
                0x0000000008001864                HAL_GetTick
 .text.__NVIC_SetPriorityGrouping
                0x000000000800187c       0x48 Drivers/STM32F4xx_HAL_Driver/Src/stm32f4xx_hal_cortex.o
 .text.__NVIC_GetPriorityGrouping
                0x00000000080018c4       0x1c Drivers/STM32F4xx_HAL_Driver/Src/stm32f4xx_hal_cortex.o
 .text.__NVIC_EnableIRQ
                0x00000000080018e0       0x3c Drivers/STM32F4xx_HAL_Driver/Src/stm32f4xx_hal_cortex.o
 .text.__NVIC_SetPriority
                0x000000000800191c       0x54 Drivers/STM32F4xx_HAL_Driver/Src/stm32f4xx_hal_cortex.o
 .text.NVIC_EncodePriority
                0x0000000008001970       0x66 Drivers/STM32F4xx_HAL_Driver/Src/stm32f4xx_hal_cortex.o
 *fill*         0x00000000080019d6        0x2 
 .text.SysTick_Config
                0x00000000080019d8       0x44 Drivers/STM32F4xx_HAL_Driver/Src/stm32f4xx_hal_cortex.o
 .text.HAL_NVIC_SetPriorityGrouping
                0x0000000008001a1c       0x16 Drivers/STM32F4xx_HAL_Driver/Src/stm32f4xx_hal_cortex.o
                0x0000000008001a1c                HAL_NVIC_SetPriorityGrouping
 .text.HAL_NVIC_SetPriority
                0x0000000008001a32       0x38 Drivers/STM32F4xx_HAL_Driver/Src/stm32f4xx_hal_cortex.o
                0x0000000008001a32                HAL_NVIC_SetPriority
 .text.HAL_NVIC_EnableIRQ
                0x0000000008001a6a       0x1c Drivers/STM32F4xx_HAL_Driver/Src/stm32f4xx_hal_cortex.o
                0x0000000008001a6a                HAL_NVIC_EnableIRQ
 .text.HAL_SYSTICK_Config
                0x0000000008001a86       0x18 Drivers/STM32F4xx_HAL_Driver/Src/stm32f4xx_hal_cortex.o
                0x0000000008001a86                HAL_SYSTICK_Config
 *fill*         0x0000000008001a9e        0x2 
 .text.HAL_DMA_Init
                0x0000000008001aa0      0x15c Drivers/STM32F4xx_HAL_Driver/Src/stm32f4xx_hal_dma.o
                0x0000000008001aa0                HAL_DMA_Init
 .text.HAL_DMA_Start_IT
                0x0000000008001bfc       0xb0 Drivers/STM32F4xx_HAL_Driver/Src/stm32f4xx_hal_dma.o
                0x0000000008001bfc                HAL_DMA_Start_IT
 .text.HAL_DMA_Abort_IT
                0x0000000008001cac       0x44 Drivers/STM32F4xx_HAL_Driver/Src/stm32f4xx_hal_dma.o
                0x0000000008001cac                HAL_DMA_Abort_IT
 .text.HAL_DMA_IRQHandler
                0x0000000008001cf0      0x314 Drivers/STM32F4xx_HAL_Driver/Src/stm32f4xx_hal_dma.o
                0x0000000008001cf0                HAL_DMA_IRQHandler
 .text.DMA_SetConfig
                0x0000000008002004       0x5c Drivers/STM32F4xx_HAL_Driver/Src/stm32f4xx_hal_dma.o
 .text.DMA_CalcBaseAndBitshift
                0x0000000008002060       0x6c Drivers/STM32F4xx_HAL_Driver/Src/stm32f4xx_hal_dma.o
 .text.DMA_CheckFifoParam
                0x00000000080020cc       0xf4 Drivers/STM32F4xx_HAL_Driver/Src/stm32f4xx_hal_dma.o
 .text.HAL_GPIO_Init
                0x00000000080021c0      0x334 Drivers/STM32F4xx_HAL_Driver/Src/stm32f4xx_hal_gpio.o
                0x00000000080021c0                HAL_GPIO_Init
 .text.HAL_GPIO_WritePin
                0x00000000080024f4       0x32 Drivers/STM32F4xx_HAL_Driver/Src/stm32f4xx_hal_gpio.o
                0x00000000080024f4                HAL_GPIO_WritePin
 *fill*         0x0000000008002526        0x2 
 .text.HAL_RCC_OscConfig
                0x0000000008002528      0x4e0 Drivers/STM32F4xx_HAL_Driver/Src/stm32f4xx_hal_rcc.o
                0x0000000008002528                HAL_RCC_OscConfig
 .text.HAL_RCC_ClockConfig
                0x0000000008002a08      0x1cc Drivers/STM32F4xx_HAL_Driver/Src/stm32f4xx_hal_rcc.o
                0x0000000008002a08                HAL_RCC_ClockConfig
 .text.HAL_RCC_GetSysClockFreq
                0x0000000008002bd4      0x1b0 Drivers/STM32F4xx_HAL_Driver/Src/stm32f4xx_hal_rcc.o
                0x0000000008002bd4                HAL_RCC_GetSysClockFreq
 .text.HAL_RCC_GetHCLKFreq
                0x0000000008002d84       0x18 Drivers/STM32F4xx_HAL_Driver/Src/stm32f4xx_hal_rcc.o
                0x0000000008002d84                HAL_RCC_GetHCLKFreq
 .text.HAL_RCC_GetPCLK1Freq
                0x0000000008002d9c       0x28 Drivers/STM32F4xx_HAL_Driver/Src/stm32f4xx_hal_rcc.o
                0x0000000008002d9c                HAL_RCC_GetPCLK1Freq
 .text.HAL_RCC_GetPCLK2Freq
                0x0000000008002dc4       0x28 Drivers/STM32F4xx_HAL_Driver/Src/stm32f4xx_hal_rcc.o
                0x0000000008002dc4                HAL_RCC_GetPCLK2Freq
 .text.HAL_TIM_Base_Init
                0x0000000008002dec       0x56 Drivers/STM32F4xx_HAL_Driver/Src/stm32f4xx_hal_tim.o
                0x0000000008002dec                HAL_TIM_Base_Init
 .text.HAL_TIM_Base_Start
                0x0000000008002e42       0x48 Drivers/STM32F4xx_HAL_Driver/Src/stm32f4xx_hal_tim.o
                0x0000000008002e42                HAL_TIM_Base_Start
 .text.HAL_TIM_PWM_Init
                0x0000000008002e8a       0x56 Drivers/STM32F4xx_HAL_Driver/Src/stm32f4xx_hal_tim.o
                0x0000000008002e8a                HAL_TIM_PWM_Init
 .text.HAL_TIM_PWM_Start
                0x0000000008002ee0       0x7c Drivers/STM32F4xx_HAL_Driver/Src/stm32f4xx_hal_tim.o
                0x0000000008002ee0                HAL_TIM_PWM_Start
 .text.HAL_TIM_PWM_Start_IT
                0x0000000008002f5c      0x108 Drivers/STM32F4xx_HAL_Driver/Src/stm32f4xx_hal_tim.o
                0x0000000008002f5c                HAL_TIM_PWM_Start_IT
 .text.HAL_TIM_IRQHandler
                0x0000000008003064      0x210 Drivers/STM32F4xx_HAL_Driver/Src/stm32f4xx_hal_tim.o
                0x0000000008003064                HAL_TIM_IRQHandler
 .text.HAL_TIM_PWM_ConfigChannel
                0x0000000008003274      0x18c Drivers/STM32F4xx_HAL_Driver/Src/stm32f4xx_hal_tim.o
                0x0000000008003274                HAL_TIM_PWM_ConfigChannel
 .text.HAL_TIM_ConfigClockSource
                0x0000000008003400      0x16e Drivers/STM32F4xx_HAL_Driver/Src/stm32f4xx_hal_tim.o
                0x0000000008003400                HAL_TIM_ConfigClockSource
 .text.HAL_TIM_PeriodElapsedCallback
                0x000000000800356e       0x14 Drivers/STM32F4xx_HAL_Driver/Src/stm32f4xx_hal_tim.o
                0x000000000800356e                HAL_TIM_PeriodElapsedCallback
 .text.HAL_TIM_OC_DelayElapsedCallback
                0x0000000008003582       0x14 Drivers/STM32F4xx_HAL_Driver/Src/stm32f4xx_hal_tim.o
                0x0000000008003582                HAL_TIM_OC_DelayElapsedCallback
 .text.HAL_TIM_IC_CaptureCallback
                0x0000000008003596       0x14 Drivers/STM32F4xx_HAL_Driver/Src/stm32f4xx_hal_tim.o
                0x0000000008003596                HAL_TIM_IC_CaptureCallback
 .text.HAL_TIM_PWM_PulseFinishedCallback
                0x00000000080035aa       0x14 Drivers/STM32F4xx_HAL_Driver/Src/stm32f4xx_hal_tim.o
                0x00000000080035aa                HAL_TIM_PWM_PulseFinishedCallback
 .text.HAL_TIM_TriggerCallback
                0x00000000080035be       0x14 Drivers/STM32F4xx_HAL_Driver/Src/stm32f4xx_hal_tim.o
                0x00000000080035be                HAL_TIM_TriggerCallback
 *fill*         0x00000000080035d2        0x2 
 .text.TIM_Base_SetConfig
                0x00000000080035d4      0x140 Drivers/STM32F4xx_HAL_Driver/Src/stm32f4xx_hal_tim.o
                0x00000000080035d4                TIM_Base_SetConfig
 .text.TIM_OC1_SetConfig
                0x0000000008003714       0xe0 Drivers/STM32F4xx_HAL_Driver/Src/stm32f4xx_hal_tim.o
 .text.TIM_OC2_SetConfig
                0x00000000080037f4       0xec Drivers/STM32F4xx_HAL_Driver/Src/stm32f4xx_hal_tim.o
                0x00000000080037f4                TIM_OC2_SetConfig
 .text.TIM_OC3_SetConfig
                0x00000000080038e0       0xe8 Drivers/STM32F4xx_HAL_Driver/Src/stm32f4xx_hal_tim.o
 .text.TIM_OC4_SetConfig
                0x00000000080039c8       0xac Drivers/STM32F4xx_HAL_Driver/Src/stm32f4xx_hal_tim.o
 .text.TIM_TI1_ConfigInputStage
                0x0000000008003a74       0x5e Drivers/STM32F4xx_HAL_Driver/Src/stm32f4xx_hal_tim.o
 .text.TIM_TI2_ConfigInputStage
                0x0000000008003ad2       0x60 Drivers/STM32F4xx_HAL_Driver/Src/stm32f4xx_hal_tim.o
 .text.TIM_ITRx_SetConfig
                0x0000000008003b32       0x36 Drivers/STM32F4xx_HAL_Driver/Src/stm32f4xx_hal_tim.o
 .text.TIM_ETR_SetConfig
                0x0000000008003b68       0x40 Drivers/STM32F4xx_HAL_Driver/Src/stm32f4xx_hal_tim.o
                0x0000000008003b68                TIM_ETR_SetConfig
 .text.TIM_CCxChannelCmd
                0x0000000008003ba8       0x4a Drivers/STM32F4xx_HAL_Driver/Src/stm32f4xx_hal_tim.o
                0x0000000008003ba8                TIM_CCxChannelCmd
 *fill*         0x0000000008003bf2        0x2 
 .text.HAL_TIMEx_MasterConfigSynchronization
                0x0000000008003bf4       0xf8 Drivers/STM32F4xx_HAL_Driver/Src/stm32f4xx_hal_tim_ex.o
                0x0000000008003bf4                HAL_TIMEx_MasterConfigSynchronization
 .text.HAL_TIMEx_CommutCallback
                0x0000000008003cec       0x14 Drivers/STM32F4xx_HAL_Driver/Src/stm32f4xx_hal_tim_ex.o
                0x0000000008003cec                HAL_TIMEx_CommutCallback
 .text.HAL_TIMEx_BreakCallback
                0x0000000008003d00       0x14 Drivers/STM32F4xx_HAL_Driver/Src/stm32f4xx_hal_tim_ex.o
                0x0000000008003d00                HAL_TIMEx_BreakCallback
 .text.HAL_UART_Init
                0x0000000008003d14       0x9a Drivers/STM32F4xx_HAL_Driver/Src/stm32f4xx_hal_uart.o
                0x0000000008003d14                HAL_UART_Init
 .text.HAL_UART_Receive_IT
                0x0000000008003dae       0xaa Drivers/STM32F4xx_HAL_Driver/Src/stm32f4xx_hal_uart.o
                0x0000000008003dae                HAL_UART_Receive_IT
 .text.HAL_UART_IRQHandler
                0x0000000008003e58      0x200 Drivers/STM32F4xx_HAL_Driver/Src/stm32f4xx_hal_uart.o
                0x0000000008003e58                HAL_UART_IRQHandler
 .text.HAL_UART_TxCpltCallback
                0x0000000008004058       0x14 Drivers/STM32F4xx_HAL_Driver/Src/stm32f4xx_hal_uart.o
                0x0000000008004058                HAL_UART_TxCpltCallback
 .text.HAL_UART_RxCpltCallback
                0x000000000800406c       0x14 Drivers/STM32F4xx_HAL_Driver/Src/stm32f4xx_hal_uart.o
                0x000000000800406c                HAL_UART_RxCpltCallback
 .text.HAL_UART_ErrorCallback
                0x0000000008004080       0x14 Drivers/STM32F4xx_HAL_Driver/Src/stm32f4xx_hal_uart.o
                0x0000000008004080                HAL_UART_ErrorCallback
 .text.UART_EndRxTransfer
                0x0000000008004094       0x3c Drivers/STM32F4xx_HAL_Driver/Src/stm32f4xx_hal_uart.o
 .text.UART_DMAAbortOnError
                0x00000000080040d0       0x28 Drivers/STM32F4xx_HAL_Driver/Src/stm32f4xx_hal_uart.o
 .text.UART_Transmit_IT
                0x00000000080040f8       0xac Drivers/STM32F4xx_HAL_Driver/Src/stm32f4xx_hal_uart.o
 .text.UART_EndTransmit_IT
                0x00000000080041a4       0x30 Drivers/STM32F4xx_HAL_Driver/Src/stm32f4xx_hal_uart.o
 .text.UART_Receive_IT
                0x00000000080041d4      0x102 Drivers/STM32F4xx_HAL_Driver/Src/stm32f4xx_hal_uart.o
 *fill*         0x00000000080042d6        0x2 
 .text.UART_SetConfig
                0x00000000080042d8      0x6f8 Drivers/STM32F4xx_HAL_Driver/Src/stm32f4xx_hal_uart.o
 .text.atoi     0x00000000080049d0        0x8 c:/st/stm32cubeide_1.1.0/stm32cubeide/plugins/com.st.stm32cube.ide.mcu.externaltools.gnu-tools-for-stm32.7-2018-q2-update.win32_1.0.0.201904181610/tools/bin/../lib/gcc/arm-none-eabi/7.3.1/../../../../arm-none-eabi/lib/thumb/v7e-m/fpv4-sp/hard\libc_nano.a(lib_a-atoi.o)
                0x00000000080049d0                atoi
 .text.__libc_init_array
                0x00000000080049d8       0x48 c:/st/stm32cubeide_1.1.0/stm32cubeide/plugins/com.st.stm32cube.ide.mcu.externaltools.gnu-tools-for-stm32.7-2018-q2-update.win32_1.0.0.201904181610/tools/bin/../lib/gcc/arm-none-eabi/7.3.1/../../../../arm-none-eabi/lib/thumb/v7e-m/fpv4-sp/hard\libc_nano.a(lib_a-init.o)
                0x00000000080049d8                __libc_init_array
 .text.memset   0x0000000008004a20       0x10 c:/st/stm32cubeide_1.1.0/stm32cubeide/plugins/com.st.stm32cube.ide.mcu.externaltools.gnu-tools-for-stm32.7-2018-q2-update.win32_1.0.0.201904181610/tools/bin/../lib/gcc/arm-none-eabi/7.3.1/../../../../arm-none-eabi/lib/thumb/v7e-m/fpv4-sp/hard\libc_nano.a(lib_a-memset.o)
                0x0000000008004a20                memset
 .text._strtol_l.isra.0
                0x0000000008004a30       0xf6 c:/st/stm32cubeide_1.1.0/stm32cubeide/plugins/com.st.stm32cube.ide.mcu.externaltools.gnu-tools-for-stm32.7-2018-q2-update.win32_1.0.0.201904181610/tools/bin/../lib/gcc/arm-none-eabi/7.3.1/../../../../arm-none-eabi/lib/thumb/v7e-m/fpv4-sp/hard\libc_nano.a(lib_a-strtol.o)
 *fill*         0x0000000008004b26        0x2 
 .text.strtol   0x0000000008004b28       0x2c c:/st/stm32cubeide_1.1.0/stm32cubeide/plugins/com.st.stm32cube.ide.mcu.externaltools.gnu-tools-for-stm32.7-2018-q2-update.win32_1.0.0.201904181610/tools/bin/../lib/gcc/arm-none-eabi/7.3.1/../../../../arm-none-eabi/lib/thumb/v7e-m/fpv4-sp/hard\libc_nano.a(lib_a-strtol.o)
                0x0000000008004b28                strtol
 .text.__locale_ctype_ptr_l
                0x0000000008004b54        0x6 c:/st/stm32cubeide_1.1.0/stm32cubeide/plugins/com.st.stm32cube.ide.mcu.externaltools.gnu-tools-for-stm32.7-2018-q2-update.win32_1.0.0.201904181610/tools/bin/../lib/gcc/arm-none-eabi/7.3.1/../../../../arm-none-eabi/lib/thumb/v7e-m/fpv4-sp/hard\libc_nano.a(lib_a-locale.o)
                0x0000000008004b54                __locale_ctype_ptr_l
 .text.__ascii_mbtowc
                0x0000000008004b5a       0x24 c:/st/stm32cubeide_1.1.0/stm32cubeide/plugins/com.st.stm32cube.ide.mcu.externaltools.gnu-tools-for-stm32.7-2018-q2-update.win32_1.0.0.201904181610/tools/bin/../lib/gcc/arm-none-eabi/7.3.1/../../../../arm-none-eabi/lib/thumb/v7e-m/fpv4-sp/hard\libc_nano.a(lib_a-mbtowc_r.o)
                0x0000000008004b5a                __ascii_mbtowc
 .text.__ascii_wctomb
                0x0000000008004b7e       0x1a c:/st/stm32cubeide_1.1.0/stm32cubeide/plugins/com.st.stm32cube.ide.mcu.externaltools.gnu-tools-for-stm32.7-2018-q2-update.win32_1.0.0.201904181610/tools/bin/../lib/gcc/arm-none-eabi/7.3.1/../../../../arm-none-eabi/lib/thumb/v7e-m/fpv4-sp/hard\libc_nano.a(lib_a-wctomb_r.o)
                0x0000000008004b7e                __ascii_wctomb
 *(.glue_7)
 .glue_7        0x0000000008004b98        0x0 linker stubs
 *(.glue_7t)
 .glue_7t       0x0000000008004b98        0x0 linker stubs
 *(.eh_frame)
 .eh_frame      0x0000000008004b98        0x0 c:/st/stm32cubeide_1.1.0/stm32cubeide/plugins/com.st.stm32cube.ide.mcu.externaltools.gnu-tools-for-stm32.7-2018-q2-update.win32_1.0.0.201904181610/tools/bin/../lib/gcc/arm-none-eabi/7.3.1/thumb/v7e-m/fpv4-sp/hard/crtbegin.o
 *(.init)
 .init          0x0000000008004b98        0x4 c:/st/stm32cubeide_1.1.0/stm32cubeide/plugins/com.st.stm32cube.ide.mcu.externaltools.gnu-tools-for-stm32.7-2018-q2-update.win32_1.0.0.201904181610/tools/bin/../lib/gcc/arm-none-eabi/7.3.1/thumb/v7e-m/fpv4-sp/hard/crti.o
                0x0000000008004b98                _init
 .init          0x0000000008004b9c        0x8 c:/st/stm32cubeide_1.1.0/stm32cubeide/plugins/com.st.stm32cube.ide.mcu.externaltools.gnu-tools-for-stm32.7-2018-q2-update.win32_1.0.0.201904181610/tools/bin/../lib/gcc/arm-none-eabi/7.3.1/thumb/v7e-m/fpv4-sp/hard/crtn.o
 *(.fini)
 .fini          0x0000000008004ba4        0x4 c:/st/stm32cubeide_1.1.0/stm32cubeide/plugins/com.st.stm32cube.ide.mcu.externaltools.gnu-tools-for-stm32.7-2018-q2-update.win32_1.0.0.201904181610/tools/bin/../lib/gcc/arm-none-eabi/7.3.1/thumb/v7e-m/fpv4-sp/hard/crti.o
                0x0000000008004ba4                _fini
 .fini          0x0000000008004ba8        0x8 c:/st/stm32cubeide_1.1.0/stm32cubeide/plugins/com.st.stm32cube.ide.mcu.externaltools.gnu-tools-for-stm32.7-2018-q2-update.win32_1.0.0.201904181610/tools/bin/../lib/gcc/arm-none-eabi/7.3.1/thumb/v7e-m/fpv4-sp/hard/crtn.o
                0x0000000008004bb0                . = ALIGN (0x4)
                0x0000000008004bb0                _etext = .

.vfp11_veneer   0x0000000008004bb0        0x0
 .vfp11_veneer  0x0000000008004bb0        0x0 linker stubs

.v4_bx          0x0000000008004bb0        0x0
 .v4_bx         0x0000000008004bb0        0x0 linker stubs

.iplt           0x0000000008004bb0        0x0
 .iplt          0x0000000008004bb0        0x0 c:/st/stm32cubeide_1.1.0/stm32cubeide/plugins/com.st.stm32cube.ide.mcu.externaltools.gnu-tools-for-stm32.7-2018-q2-update.win32_1.0.0.201904181610/tools/bin/../lib/gcc/arm-none-eabi/7.3.1/thumb/v7e-m/fpv4-sp/hard/crtbegin.o

.rodata         0x0000000008004bb0      0x1d0
                0x0000000008004bb0                . = ALIGN (0x4)
 *(.rodata)
 .rodata        0x0000000008004bb0       0xa4 Core/Src/FL.o
 *(.rodata*)
 .rodata.AHBPrescTable
                0x0000000008004c54       0x10 Core/Src/system_stm32f4xx.o
                0x0000000008004c54                AHBPrescTable
 .rodata.APBPrescTable
                0x0000000008004c64        0x8 Core/Src/system_stm32f4xx.o
                0x0000000008004c64                APBPrescTable
 .rodata.flagBitshiftOffset.8119
                0x0000000008004c6c        0x8 Drivers/STM32F4xx_HAL_Driver/Src/stm32f4xx_hal_dma.o
 .rodata._setlocale_r.str1.1
                0x0000000008004c74        0x8 c:/st/stm32cubeide_1.1.0/stm32cubeide/plugins/com.st.stm32cube.ide.mcu.externaltools.gnu-tools-for-stm32.7-2018-q2-update.win32_1.0.0.201904181610/tools/bin/../lib/gcc/arm-none-eabi/7.3.1/../../../../arm-none-eabi/lib/thumb/v7e-m/fpv4-sp/hard\libc_nano.a(lib_a-locale.o)
                                          0x9 (size before relaxing)
 .rodata.str1.1
                0x0000000008004c7c        0x2 c:/st/stm32cubeide_1.1.0/stm32cubeide/plugins/com.st.stm32cube.ide.mcu.externaltools.gnu-tools-for-stm32.7-2018-q2-update.win32_1.0.0.201904181610/tools/bin/../lib/gcc/arm-none-eabi/7.3.1/../../../../arm-none-eabi/lib/thumb/v7e-m/fpv4-sp/hard\libc_nano.a(lib_a-locale.o)
 .rodata._ctype_
                0x0000000008004c7e      0x101 c:/st/stm32cubeide_1.1.0/stm32cubeide/plugins/com.st.stm32cube.ide.mcu.externaltools.gnu-tools-for-stm32.7-2018-q2-update.win32_1.0.0.201904181610/tools/bin/../lib/gcc/arm-none-eabi/7.3.1/../../../../arm-none-eabi/lib/thumb/v7e-m/fpv4-sp/hard\libc_nano.a(lib_a-ctype_.o)
                0x0000000008004c7e                _ctype_
                0x0000000008004d80                . = ALIGN (0x4)
 *fill*         0x0000000008004d7f        0x1 

.ARM.extab      0x0000000008004d80        0x0
                0x0000000008004d80                . = ALIGN (0x4)
 *(.ARM.extab* .gnu.linkonce.armextab.*)
                0x0000000008004d80                . = ALIGN (0x4)

.ARM            0x0000000008004d80        0x8
                0x0000000008004d80                . = ALIGN (0x4)
                0x0000000008004d80                __exidx_start = .
 *(.ARM.exidx*)
 .ARM.exidx     0x0000000008004d80        0x8 c:/st/stm32cubeide_1.1.0/stm32cubeide/plugins/com.st.stm32cube.ide.mcu.externaltools.gnu-tools-for-stm32.7-2018-q2-update.win32_1.0.0.201904181610/tools/bin/../lib/gcc/arm-none-eabi/7.3.1/thumb/v7e-m/fpv4-sp/hard\libgcc.a(_udivmoddi4.o)
                0x0000000008004d88                __exidx_end = .
                0x0000000008004d88                . = ALIGN (0x4)

.rel.dyn        0x0000000008004d88        0x0
 .rel.iplt      0x0000000008004d88        0x0 c:/st/stm32cubeide_1.1.0/stm32cubeide/plugins/com.st.stm32cube.ide.mcu.externaltools.gnu-tools-for-stm32.7-2018-q2-update.win32_1.0.0.201904181610/tools/bin/../lib/gcc/arm-none-eabi/7.3.1/thumb/v7e-m/fpv4-sp/hard/crtbegin.o

.preinit_array  0x0000000008004d88        0x0
                0x0000000008004d88                . = ALIGN (0x4)
                0x0000000008004d88                PROVIDE (__preinit_array_start = .)
 *(.preinit_array*)
                0x0000000008004d88                PROVIDE (__preinit_array_end = .)
                0x0000000008004d88                . = ALIGN (0x4)

.init_array     0x0000000008004d88        0x4
                0x0000000008004d88                . = ALIGN (0x4)
                0x0000000008004d88                PROVIDE (__init_array_start = .)
 *(SORT_BY_NAME(.init_array.*))
 *(.init_array*)
 .init_array    0x0000000008004d88        0x4 c:/st/stm32cubeide_1.1.0/stm32cubeide/plugins/com.st.stm32cube.ide.mcu.externaltools.gnu-tools-for-stm32.7-2018-q2-update.win32_1.0.0.201904181610/tools/bin/../lib/gcc/arm-none-eabi/7.3.1/thumb/v7e-m/fpv4-sp/hard/crtbegin.o
                0x0000000008004d8c                PROVIDE (__init_array_end = .)
                0x0000000008004d8c                . = ALIGN (0x4)

.fini_array     0x0000000008004d8c        0x4
                0x0000000008004d8c                . = ALIGN (0x4)
                [!provide]                        PROVIDE (__fini_array_start = .)
 *(SORT_BY_NAME(.fini_array.*))
 *(.fini_array*)
 .fini_array    0x0000000008004d8c        0x4 c:/st/stm32cubeide_1.1.0/stm32cubeide/plugins/com.st.stm32cube.ide.mcu.externaltools.gnu-tools-for-stm32.7-2018-q2-update.win32_1.0.0.201904181610/tools/bin/../lib/gcc/arm-none-eabi/7.3.1/thumb/v7e-m/fpv4-sp/hard/crtbegin.o
                [!provide]                        PROVIDE (__fini_array_end = .)
                0x0000000008004d90                . = ALIGN (0x4)
                0x0000000008004d90                _sidata = LOADADDR (.data)

.data           0x0000000020000000      0x1dc load address 0x0000000008004d90
                0x0000000020000000                . = ALIGN (0x4)
                0x0000000020000000                _sdata = .
 *(.data)
 *(.data*)
 .data.SystemCoreClock
                0x0000000020000000        0x4 Core/Src/system_stm32f4xx.o
                0x0000000020000000                SystemCoreClock
 .data.uwTickPrio
                0x0000000020000004        0x4 Drivers/STM32F4xx_HAL_Driver/Src/stm32f4xx_hal.o
                0x0000000020000004                uwTickPrio
 .data.uwTickFreq
                0x0000000020000008        0x1 Drivers/STM32F4xx_HAL_Driver/Src/stm32f4xx_hal.o
                0x0000000020000008                uwTickFreq
 *fill*         0x0000000020000009        0x3 
 .data._impure_ptr
                0x000000002000000c        0x4 c:/st/stm32cubeide_1.1.0/stm32cubeide/plugins/com.st.stm32cube.ide.mcu.externaltools.gnu-tools-for-stm32.7-2018-q2-update.win32_1.0.0.201904181610/tools/bin/../lib/gcc/arm-none-eabi/7.3.1/../../../../arm-none-eabi/lib/thumb/v7e-m/fpv4-sp/hard\libc_nano.a(lib_a-impure.o)
                0x000000002000000c                _impure_ptr
 .data.impure_data
                0x0000000020000010       0x60 c:/st/stm32cubeide_1.1.0/stm32cubeide/plugins/com.st.stm32cube.ide.mcu.externaltools.gnu-tools-for-stm32.7-2018-q2-update.win32_1.0.0.201904181610/tools/bin/../lib/gcc/arm-none-eabi/7.3.1/../../../../arm-none-eabi/lib/thumb/v7e-m/fpv4-sp/hard\libc_nano.a(lib_a-impure.o)
 .data.__global_locale
                0x0000000020000070      0x16c c:/st/stm32cubeide_1.1.0/stm32cubeide/plugins/com.st.stm32cube.ide.mcu.externaltools.gnu-tools-for-stm32.7-2018-q2-update.win32_1.0.0.201904181610/tools/bin/../lib/gcc/arm-none-eabi/7.3.1/../../../../arm-none-eabi/lib/thumb/v7e-m/fpv4-sp/hard\libc_nano.a(lib_a-locale.o)
                0x0000000020000070                __global_locale
                0x00000000200001dc                . = ALIGN (0x4)
                0x00000000200001dc                _edata = .

.igot.plt       0x00000000200001dc        0x0 load address 0x0000000008004f6c
 .igot.plt      0x00000000200001dc        0x0 c:/st/stm32cubeide_1.1.0/stm32cubeide/plugins/com.st.stm32cube.ide.mcu.externaltools.gnu-tools-for-stm32.7-2018-q2-update.win32_1.0.0.201904181610/tools/bin/../lib/gcc/arm-none-eabi/7.3.1/thumb/v7e-m/fpv4-sp/hard/crtbegin.o
                0x00000000200001dc                . = ALIGN (0x4)

.bss            0x00000000200001dc    0x13758 load address 0x0000000008004f6c
                0x00000000200001dc                _sbss = .
                0x00000000200001dc                __bss_start__ = _sbss
 *(.bss)
 .bss           0x00000000200001dc       0x1c c:/st/stm32cubeide_1.1.0/stm32cubeide/plugins/com.st.stm32cube.ide.mcu.externaltools.gnu-tools-for-stm32.7-2018-q2-update.win32_1.0.0.201904181610/tools/bin/../lib/gcc/arm-none-eabi/7.3.1/thumb/v7e-m/fpv4-sp/hard/crtbegin.o
 *(.bss*)
 *(COMMON)
 COMMON         0x00000000200001f8    0x13618 Core/Src/FL.o
                0x00000000200001f8                input
                0x0000000020000608                command
                0x0000000020000710                temp
                0x0000000020000714                VGA
                0x0000000020000720                VGA_RAM1
                0x0000000020013410                container
 COMMON         0x0000000020013810       0xe0 Core/Src/tim.o
                0x0000000020013810                htim1
                0x0000000020013850                hdma_tim1_up
                0x00000000200138b0                htim2
 COMMON         0x00000000200138f0       0x40 Core/Src/usart.o
                0x00000000200138f0                huart2
 COMMON         0x0000000020013930        0x4 Drivers/STM32F4xx_HAL_Driver/Src/stm32f4xx_hal.o
                0x0000000020013930                uwTick
                0x0000000020013934                . = ALIGN (0x4)
                0x0000000020013934                _ebss = .
                0x0000000020013934                __bss_end__ = _ebss

._user_heap_stack
                0x0000000020013934      0x604 load address 0x0000000008004f6c
                0x0000000020013938                . = ALIGN (0x8)
 *fill*         0x0000000020013934        0x4 
                0x0000000020013938                PROVIDE (end = .)
                [!provide]                        PROVIDE (_end = .)
                0x0000000020013b38                . = (. + _Min_Heap_Size)
 *fill*         0x0000000020013938      0x200 
                0x0000000020013f38                . = (. + _Min_Stack_Size)
 *fill*         0x0000000020013b38      0x400 
                0x0000000020013f38                . = ALIGN (0x8)

/DISCARD/
 libc.a(*)
 libm.a(*)
 libgcc.a(*)

.ARM.attributes
                0x0000000000000000       0x30
 *(.ARM.attributes)
 .ARM.attributes
                0x0000000000000000       0x22 c:/st/stm32cubeide_1.1.0/stm32cubeide/plugins/com.st.stm32cube.ide.mcu.externaltools.gnu-tools-for-stm32.7-2018-q2-update.win32_1.0.0.201904181610/tools/bin/../lib/gcc/arm-none-eabi/7.3.1/thumb/v7e-m/fpv4-sp/hard/crti.o
 .ARM.attributes
                0x0000000000000022       0x34 c:/st/stm32cubeide_1.1.0/stm32cubeide/plugins/com.st.stm32cube.ide.mcu.externaltools.gnu-tools-for-stm32.7-2018-q2-update.win32_1.0.0.201904181610/tools/bin/../lib/gcc/arm-none-eabi/7.3.1/thumb/v7e-m/fpv4-sp/hard/crtbegin.o
 .ARM.attributes
                0x0000000000000056       0x39 Core/Src/FL.o
 .ARM.attributes
                0x000000000000008f       0x39 Core/Src/dma.o
 .ARM.attributes
                0x00000000000000c8       0x39 Core/Src/gpio.o
 .ARM.attributes
                0x0000000000000101       0x39 Core/Src/main.o
 .ARM.attributes
                0x000000000000013a       0x39 Core/Src/stm32f4xx_hal_msp.o
 .ARM.attributes
                0x0000000000000173       0x39 Core/Src/stm32f4xx_it.o
 .ARM.attributes
                0x00000000000001ac       0x39 Core/Src/system_stm32f4xx.o
 .ARM.attributes
                0x00000000000001e5       0x39 Core/Src/tim.o
 .ARM.attributes
                0x000000000000021e       0x39 Core/Src/usart.o
 .ARM.attributes
                0x0000000000000257       0x21 Core/Startup/startup_stm32f407vgtx.o
 .ARM.attributes
                0x0000000000000278       0x39 Core/ub_lib/stm32_ub_vga_screen.o
 .ARM.attributes
                0x00000000000002b1       0x39 Drivers/STM32F4xx_HAL_Driver/Src/stm32f4xx_hal.o
 .ARM.attributes
                0x00000000000002ea       0x39 Drivers/STM32F4xx_HAL_Driver/Src/stm32f4xx_hal_cortex.o
 .ARM.attributes
                0x0000000000000323       0x39 Drivers/STM32F4xx_HAL_Driver/Src/stm32f4xx_hal_dma.o
 .ARM.attributes
                0x000000000000035c       0x39 Drivers/STM32F4xx_HAL_Driver/Src/stm32f4xx_hal_gpio.o
 .ARM.attributes
                0x0000000000000395       0x39 Drivers/STM32F4xx_HAL_Driver/Src/stm32f4xx_hal_rcc.o
 .ARM.attributes
                0x00000000000003ce       0x39 Drivers/STM32F4xx_HAL_Driver/Src/stm32f4xx_hal_tim.o
 .ARM.attributes
                0x0000000000000407       0x39 Drivers/STM32F4xx_HAL_Driver/Src/stm32f4xx_hal_tim_ex.o
 .ARM.attributes
                0x0000000000000440       0x39 Drivers/STM32F4xx_HAL_Driver/Src/stm32f4xx_hal_uart.o
 .ARM.attributes
                0x0000000000000479       0x34 c:/st/stm32cubeide_1.1.0/stm32cubeide/plugins/com.st.stm32cube.ide.mcu.externaltools.gnu-tools-for-stm32.7-2018-q2-update.win32_1.0.0.201904181610/tools/bin/../lib/gcc/arm-none-eabi/7.3.1/../../../../arm-none-eabi/lib/thumb/v7e-m/fpv4-sp/hard\libc_nano.a(lib_a-atoi.o)
 .ARM.attributes
                0x00000000000004ad       0x34 c:/st/stm32cubeide_1.1.0/stm32cubeide/plugins/com.st.stm32cube.ide.mcu.externaltools.gnu-tools-for-stm32.7-2018-q2-update.win32_1.0.0.201904181610/tools/bin/../lib/gcc/arm-none-eabi/7.3.1/../../../../arm-none-eabi/lib/thumb/v7e-m/fpv4-sp/hard\libc_nano.a(lib_a-impure.o)
 .ARM.attributes
                0x00000000000004e1       0x34 c:/st/stm32cubeide_1.1.0/stm32cubeide/plugins/com.st.stm32cube.ide.mcu.externaltools.gnu-tools-for-stm32.7-2018-q2-update.win32_1.0.0.201904181610/tools/bin/../lib/gcc/arm-none-eabi/7.3.1/../../../../arm-none-eabi/lib/thumb/v7e-m/fpv4-sp/hard\libc_nano.a(lib_a-init.o)
 .ARM.attributes
                0x0000000000000515       0x34 c:/st/stm32cubeide_1.1.0/stm32cubeide/plugins/com.st.stm32cube.ide.mcu.externaltools.gnu-tools-for-stm32.7-2018-q2-update.win32_1.0.0.201904181610/tools/bin/../lib/gcc/arm-none-eabi/7.3.1/../../../../arm-none-eabi/lib/thumb/v7e-m/fpv4-sp/hard\libc_nano.a(lib_a-memset.o)
 .ARM.attributes
                0x0000000000000549       0x34 c:/st/stm32cubeide_1.1.0/stm32cubeide/plugins/com.st.stm32cube.ide.mcu.externaltools.gnu-tools-for-stm32.7-2018-q2-update.win32_1.0.0.201904181610/tools/bin/../lib/gcc/arm-none-eabi/7.3.1/../../../../arm-none-eabi/lib/thumb/v7e-m/fpv4-sp/hard\libc_nano.a(lib_a-strtol.o)
 .ARM.attributes
                0x000000000000057d       0x34 c:/st/stm32cubeide_1.1.0/stm32cubeide/plugins/com.st.stm32cube.ide.mcu.externaltools.gnu-tools-for-stm32.7-2018-q2-update.win32_1.0.0.201904181610/tools/bin/../lib/gcc/arm-none-eabi/7.3.1/../../../../arm-none-eabi/lib/thumb/v7e-m/fpv4-sp/hard\libc_nano.a(lib_a-locale.o)
 .ARM.attributes
                0x00000000000005b1       0x34 c:/st/stm32cubeide_1.1.0/stm32cubeide/plugins/com.st.stm32cube.ide.mcu.externaltools.gnu-tools-for-stm32.7-2018-q2-update.win32_1.0.0.201904181610/tools/bin/../lib/gcc/arm-none-eabi/7.3.1/../../../../arm-none-eabi/lib/thumb/v7e-m/fpv4-sp/hard\libc_nano.a(lib_a-mbtowc_r.o)
 .ARM.attributes
                0x00000000000005e5       0x34 c:/st/stm32cubeide_1.1.0/stm32cubeide/plugins/com.st.stm32cube.ide.mcu.externaltools.gnu-tools-for-stm32.7-2018-q2-update.win32_1.0.0.201904181610/tools/bin/../lib/gcc/arm-none-eabi/7.3.1/../../../../arm-none-eabi/lib/thumb/v7e-m/fpv4-sp/hard\libc_nano.a(lib_a-wctomb_r.o)
 .ARM.attributes
                0x0000000000000619       0x34 c:/st/stm32cubeide_1.1.0/stm32cubeide/plugins/com.st.stm32cube.ide.mcu.externaltools.gnu-tools-for-stm32.7-2018-q2-update.win32_1.0.0.201904181610/tools/bin/../lib/gcc/arm-none-eabi/7.3.1/../../../../arm-none-eabi/lib/thumb/v7e-m/fpv4-sp/hard\libc_nano.a(lib_a-ctype_.o)
 .ARM.attributes
                0x000000000000064d       0x22 c:/st/stm32cubeide_1.1.0/stm32cubeide/plugins/com.st.stm32cube.ide.mcu.externaltools.gnu-tools-for-stm32.7-2018-q2-update.win32_1.0.0.201904181610/tools/bin/../lib/gcc/arm-none-eabi/7.3.1/thumb/v7e-m/fpv4-sp/hard\libgcc.a(_aeabi_uldivmod.o)
 .ARM.attributes
                0x000000000000066f       0x34 c:/st/stm32cubeide_1.1.0/stm32cubeide/plugins/com.st.stm32cube.ide.mcu.externaltools.gnu-tools-for-stm32.7-2018-q2-update.win32_1.0.0.201904181610/tools/bin/../lib/gcc/arm-none-eabi/7.3.1/thumb/v7e-m/fpv4-sp/hard\libgcc.a(_udivmoddi4.o)
 .ARM.attributes
                0x00000000000006a3       0x22 c:/st/stm32cubeide_1.1.0/stm32cubeide/plugins/com.st.stm32cube.ide.mcu.externaltools.gnu-tools-for-stm32.7-2018-q2-update.win32_1.0.0.201904181610/tools/bin/../lib/gcc/arm-none-eabi/7.3.1/thumb/v7e-m/fpv4-sp/hard\libgcc.a(_dvmd_tls.o)
 .ARM.attributes
                0x00000000000006c5       0x22 c:/st/stm32cubeide_1.1.0/stm32cubeide/plugins/com.st.stm32cube.ide.mcu.externaltools.gnu-tools-for-stm32.7-2018-q2-update.win32_1.0.0.201904181610/tools/bin/../lib/gcc/arm-none-eabi/7.3.1/thumb/v7e-m/fpv4-sp/hard/crtn.o
OUTPUT(swont_ide.elf elf32-littlearm)

.debug_info     0x0000000000000000    0x13c21
 .debug_info    0x0000000000000000     0x1022 Core/Src/FL.o
 .debug_info    0x0000000000001022     0x1281 Core/Src/dma.o
 .debug_info    0x00000000000022a3     0x11c9 Core/Src/gpio.o
 .debug_info    0x000000000000346c     0x1940 Core/Src/main.o
 .debug_info    0x0000000000004dac     0x1079 Core/Src/stm32f4xx_hal_msp.o
 .debug_info    0x0000000000005e25     0x16ed Core/Src/stm32f4xx_it.o
 .debug_info    0x0000000000007512      0x554 Core/Src/system_stm32f4xx.o
 .debug_info    0x0000000000007a66     0x1ab9 Core/Src/tim.o
 .debug_info    0x000000000000951f     0x186d Core/Src/usart.o
 .debug_info    0x000000000000ad8c       0x22 Core/Startup/startup_stm32f407vgtx.o
 .debug_info    0x000000000000adae     0x1499 Core/ub_lib/stm32_ub_vga_screen.o
 .debug_info    0x000000000000c247      0x945 Drivers/STM32F4xx_HAL_Driver/Src/stm32f4xx_hal.o
 .debug_info    0x000000000000cb8c      0xe28 Drivers/STM32F4xx_HAL_Driver/Src/stm32f4xx_hal_cortex.o
 .debug_info    0x000000000000d9b4      0x968 Drivers/STM32F4xx_HAL_Driver/Src/stm32f4xx_hal_dma.o
 .debug_info    0x000000000000e31c      0x7b5 Drivers/STM32F4xx_HAL_Driver/Src/stm32f4xx_hal_gpio.o
 .debug_info    0x000000000000ead1      0x904 Drivers/STM32F4xx_HAL_Driver/Src/stm32f4xx_hal_rcc.o
 .debug_info    0x000000000000f3d5     0x24a9 Drivers/STM32F4xx_HAL_Driver/Src/stm32f4xx_hal_tim.o
 .debug_info    0x000000000001187e     0x1157 Drivers/STM32F4xx_HAL_Driver/Src/stm32f4xx_hal_tim_ex.o
 .debug_info    0x00000000000129d5     0x124c Drivers/STM32F4xx_HAL_Driver/Src/stm32f4xx_hal_uart.o

.debug_abbrev   0x0000000000000000     0x271e
 .debug_abbrev  0x0000000000000000      0x292 Core/Src/FL.o
 .debug_abbrev  0x0000000000000292      0x204 Core/Src/dma.o
 .debug_abbrev  0x0000000000000496      0x206 Core/Src/gpio.o
 .debug_abbrev  0x000000000000069c      0x285 Core/Src/main.o
 .debug_abbrev  0x0000000000000921      0x206 Core/Src/stm32f4xx_hal_msp.o
 .debug_abbrev  0x0000000000000b27      0x24d Core/Src/stm32f4xx_it.o
 .debug_abbrev  0x0000000000000d74      0x12b Core/Src/system_stm32f4xx.o
 .debug_abbrev  0x0000000000000e9f      0x24b Core/Src/tim.o
 .debug_abbrev  0x00000000000010ea      0x245 Core/Src/usart.o
 .debug_abbrev  0x000000000000132f       0x12 Core/Startup/startup_stm32f407vgtx.o
 .debug_abbrev  0x0000000000001341      0x255 Core/ub_lib/stm32_ub_vga_screen.o
 .debug_abbrev  0x0000000000001596      0x1c7 Drivers/STM32F4xx_HAL_Driver/Src/stm32f4xx_hal.o
 .debug_abbrev  0x000000000000175d      0x2fa Drivers/STM32F4xx_HAL_Driver/Src/stm32f4xx_hal_cortex.o
 .debug_abbrev  0x0000000000001a57      0x229 Drivers/STM32F4xx_HAL_Driver/Src/stm32f4xx_hal_dma.o
 .debug_abbrev  0x0000000000001c80      0x1c9 Drivers/STM32F4xx_HAL_Driver/Src/stm32f4xx_hal_gpio.o
 .debug_abbrev  0x0000000000001e49      0x245 Drivers/STM32F4xx_HAL_Driver/Src/stm32f4xx_hal_rcc.o
 .debug_abbrev  0x000000000000208e      0x230 Drivers/STM32F4xx_HAL_Driver/Src/stm32f4xx_hal_tim.o
 .debug_abbrev  0x00000000000022be      0x21e Drivers/STM32F4xx_HAL_Driver/Src/stm32f4xx_hal_tim_ex.o
 .debug_abbrev  0x00000000000024dc      0x242 Drivers/STM32F4xx_HAL_Driver/Src/stm32f4xx_hal_uart.o

.debug_aranges  0x0000000000000000      0xc98
 .debug_aranges
                0x0000000000000000       0x48 Core/Src/FL.o
 .debug_aranges
                0x0000000000000048       0x20 Core/Src/dma.o
 .debug_aranges
                0x0000000000000068       0x20 Core/Src/gpio.o
 .debug_aranges
                0x0000000000000088       0x38 Core/Src/main.o
 .debug_aranges
                0x00000000000000c0       0x20 Core/Src/stm32f4xx_hal_msp.o
 .debug_aranges
                0x00000000000000e0       0x78 Core/Src/stm32f4xx_it.o
 .debug_aranges
                0x0000000000000158       0x28 Core/Src/system_stm32f4xx.o
 .debug_aranges
                0x0000000000000180       0x50 Core/Src/tim.o
 .debug_aranges
                0x00000000000001d0       0x30 Core/Src/usart.o
 .debug_aranges
                0x0000000000000200       0x28 Core/Startup/startup_stm32f407vgtx.o
 .debug_aranges
                0x0000000000000228       0x30 Core/ub_lib/stm32_ub_vga_screen.o
 .debug_aranges
                0x0000000000000258       0xf0 Drivers/STM32F4xx_HAL_Driver/Src/stm32f4xx_hal.o
 .debug_aranges
                0x0000000000000348      0x118 Drivers/STM32F4xx_HAL_Driver/Src/stm32f4xx_hal_cortex.o
 .debug_aranges
                0x0000000000000460       0x90 Drivers/STM32F4xx_HAL_Driver/Src/stm32f4xx_hal_dma.o
 .debug_aranges
                0x00000000000004f0       0x58 Drivers/STM32F4xx_HAL_Driver/Src/stm32f4xx_hal_gpio.o
 .debug_aranges
                0x0000000000000548       0x88 Drivers/STM32F4xx_HAL_Driver/Src/stm32f4xx_hal_rcc.o
 .debug_aranges
                0x00000000000005d0      0x3a8 Drivers/STM32F4xx_HAL_Driver/Src/stm32f4xx_hal_tim.o
 .debug_aranges
                0x0000000000000978      0x150 Drivers/STM32F4xx_HAL_Driver/Src/stm32f4xx_hal_tim_ex.o
 .debug_aranges
                0x0000000000000ac8      0x1d0 Drivers/STM32F4xx_HAL_Driver/Src/stm32f4xx_hal_uart.o

.debug_ranges   0x0000000000000000      0xb70
 .debug_ranges  0x0000000000000000       0x38 Core/Src/FL.o
 .debug_ranges  0x0000000000000038       0x10 Core/Src/dma.o
 .debug_ranges  0x0000000000000048       0x10 Core/Src/gpio.o
 .debug_ranges  0x0000000000000058       0x28 Core/Src/main.o
 .debug_ranges  0x0000000000000080       0x10 Core/Src/stm32f4xx_hal_msp.o
 .debug_ranges  0x0000000000000090       0x68 Core/Src/stm32f4xx_it.o
 .debug_ranges  0x00000000000000f8       0x18 Core/Src/system_stm32f4xx.o
 .debug_ranges  0x0000000000000110       0x40 Core/Src/tim.o
 .debug_ranges  0x0000000000000150       0x20 Core/Src/usart.o
 .debug_ranges  0x0000000000000170       0x20 Core/Startup/startup_stm32f407vgtx.o
 .debug_ranges  0x0000000000000190       0x20 Core/ub_lib/stm32_ub_vga_screen.o
 .debug_ranges  0x00000000000001b0       0xe0 Drivers/STM32F4xx_HAL_Driver/Src/stm32f4xx_hal.o
 .debug_ranges  0x0000000000000290      0x108 Drivers/STM32F4xx_HAL_Driver/Src/stm32f4xx_hal_cortex.o
 .debug_ranges  0x0000000000000398       0x80 Drivers/STM32F4xx_HAL_Driver/Src/stm32f4xx_hal_dma.o
 .debug_ranges  0x0000000000000418       0x48 Drivers/STM32F4xx_HAL_Driver/Src/stm32f4xx_hal_gpio.o
 .debug_ranges  0x0000000000000460       0x78 Drivers/STM32F4xx_HAL_Driver/Src/stm32f4xx_hal_rcc.o
 .debug_ranges  0x00000000000004d8      0x398 Drivers/STM32F4xx_HAL_Driver/Src/stm32f4xx_hal_tim.o
 .debug_ranges  0x0000000000000870      0x140 Drivers/STM32F4xx_HAL_Driver/Src/stm32f4xx_hal_tim_ex.o
 .debug_ranges  0x00000000000009b0      0x1c0 Drivers/STM32F4xx_HAL_Driver/Src/stm32f4xx_hal_uart.o

.debug_macro    0x0000000000000000    0x21c61
 .debug_macro   0x0000000000000000      0x2f2 Core/Src/FL.o
 .debug_macro   0x00000000000002f2      0xa5a Core/Src/FL.o
 .debug_macro   0x0000000000000d4c      0x18a Core/Src/FL.o
 .debug_macro   0x0000000000000ed6       0x2e Core/Src/FL.o
 .debug_macro   0x0000000000000f04       0x2f Core/Src/FL.o
 .debug_macro   0x0000000000000f33       0x22 Core/Src/FL.o
 .debug_macro   0x0000000000000f55       0x8e Core/Src/FL.o
 .debug_macro   0x0000000000000fe3       0x51 Core/Src/FL.o
 .debug_macro   0x0000000000001034       0xef Core/Src/FL.o
 .debug_macro   0x0000000000001123       0x6a Core/Src/FL.o
 .debug_macro   0x000000000000118d      0x1df Core/Src/FL.o
 .debug_macro   0x000000000000136c       0x1c Core/Src/FL.o
 .debug_macro   0x0000000000001388       0x22 Core/Src/FL.o
 .debug_macro   0x00000000000013aa       0xdf Core/Src/FL.o
 .debug_macro   0x0000000000001489     0x102d Core/Src/FL.o
 .debug_macro   0x00000000000024b6      0x11f Core/Src/FL.o
 .debug_macro   0x00000000000025d5    0x15e3c Core/Src/FL.o
 .debug_macro   0x0000000000018411       0x43 Core/Src/FL.o
 .debug_macro   0x0000000000018454     0x3659 Core/Src/FL.o
 .debug_macro   0x000000000001baad      0x174 Core/Src/FL.o
 .debug_macro   0x000000000001bc21       0x5a Core/Src/FL.o
 .debug_macro   0x000000000001bc7b      0x96b Core/Src/FL.o
 .debug_macro   0x000000000001c5e6      0x9fe Core/Src/FL.o
 .debug_macro   0x000000000001cfe4      0x174 Core/Src/FL.o
 .debug_macro   0x000000000001d158      0x117 Core/Src/FL.o
 .debug_macro   0x000000000001d26f      0x13e Core/Src/FL.o
 .debug_macro   0x000000000001d3ad       0x27 Core/Src/FL.o
 .debug_macro   0x000000000001d3d4      0x287 Core/Src/FL.o
 .debug_macro   0x000000000001d65b       0x5f Core/Src/FL.o
 .debug_macro   0x000000000001d6ba      0x236 Core/Src/FL.o
 .debug_macro   0x000000000001d8f0      0x12c Core/Src/FL.o
 .debug_macro   0x000000000001da1c      0x21e Core/Src/FL.o
 .debug_macro   0x000000000001dc3a       0x2e Core/Src/FL.o
 .debug_macro   0x000000000001dc68      0x11a Core/Src/FL.o
 .debug_macro   0x000000000001dd82       0x7e Core/Src/FL.o
 .debug_macro   0x000000000001de00       0x89 Core/Src/FL.o
 .debug_macro   0x000000000001de89      0x8a0 Core/Src/FL.o
 .debug_macro   0x000000000001e729       0x47 Core/Src/FL.o
 .debug_macro   0x000000000001e770      0x287 Core/Src/FL.o
 .debug_macro   0x000000000001e9f7      0x12d Core/Src/FL.o
 .debug_macro   0x000000000001eb24       0xa0 Core/Src/FL.o
 .debug_macro   0x000000000001ebc4       0x18 Core/Src/FL.o
 .debug_macro   0x000000000001ebdc       0x46 Core/Src/FL.o
 .debug_macro   0x000000000001ec22       0x3c Core/Src/FL.o
 .debug_macro   0x000000000001ec5e       0x34 Core/Src/FL.o
 .debug_macro   0x000000000001ec92       0x16 Core/Src/FL.o
 .debug_macro   0x000000000001eca8       0x35 Core/Src/FL.o
 .debug_macro   0x000000000001ecdd       0x52 Core/Src/FL.o
 .debug_macro   0x000000000001ed2f       0x1f Core/Src/FL.o
 .debug_macro   0x000000000001ed4e       0x43 Core/Src/FL.o
 .debug_macro   0x000000000001ed91       0x20 Core/Src/FL.o
 .debug_macro   0x000000000001edb1      0x1a3 Core/Src/FL.o
 .debug_macro   0x000000000001ef54      0x32a Core/Src/FL.o
 .debug_macro   0x000000000001f27e       0x16 Core/Src/FL.o
 .debug_macro   0x000000000001f294       0x29 Core/Src/FL.o
 .debug_macro   0x000000000001f2bd       0xa0 Core/Src/FL.o
 .debug_macro   0x000000000001f35d      0x15a Core/Src/FL.o
 .debug_macro   0x000000000001f4b7       0x16 Core/Src/FL.o
 .debug_macro   0x000000000001f4cd       0x20 Core/Src/FL.o
 .debug_macro   0x000000000001f4ed      0x2cc Core/Src/dma.o
 .debug_macro   0x000000000001f7b9      0x2cc Core/Src/gpio.o
 .debug_macro   0x000000000001fa85      0x2ee Core/Src/main.o
 .debug_macro   0x000000000001fd73      0x2c2 Core/Src/stm32f4xx_hal_msp.o
 .debug_macro   0x0000000000020035      0x2cc Core/Src/stm32f4xx_it.o
 .debug_macro   0x0000000000020301      0x1d4 Core/Src/system_stm32f4xx.o
 .debug_macro   0x00000000000204d5      0x2cc Core/Src/tim.o
 .debug_macro   0x00000000000207a1      0x2cc Core/Src/usart.o
 .debug_macro   0x0000000000020a6d      0x2c2 Core/ub_lib/stm32_ub_vga_screen.o
 .debug_macro   0x0000000000020d2f      0x22e Drivers/STM32F4xx_HAL_Driver/Src/stm32f4xx_hal.o
 .debug_macro   0x0000000000020f5d      0x1ce Drivers/STM32F4xx_HAL_Driver/Src/stm32f4xx_hal_cortex.o
 .debug_macro   0x000000000002112b      0x1d4 Drivers/STM32F4xx_HAL_Driver/Src/stm32f4xx_hal_dma.o
 .debug_macro   0x00000000000212ff      0x204 Drivers/STM32F4xx_HAL_Driver/Src/stm32f4xx_hal_gpio.o
 .debug_macro   0x0000000000021503      0x1f2 Drivers/STM32F4xx_HAL_Driver/Src/stm32f4xx_hal_rcc.o
 .debug_macro   0x00000000000216f5      0x1cf Drivers/STM32F4xx_HAL_Driver/Src/stm32f4xx_hal_tim.o
 .debug_macro   0x00000000000218c4      0x1ce Drivers/STM32F4xx_HAL_Driver/Src/stm32f4xx_hal_tim_ex.o
 .debug_macro   0x0000000000021a92      0x1cf Drivers/STM32F4xx_HAL_Driver/Src/stm32f4xx_hal_uart.o

.debug_line     0x0000000000000000     0xbb5d
 .debug_line    0x0000000000000000      0xa12 Core/Src/FL.o
 .debug_line    0x0000000000000a12      0x859 Core/Src/dma.o
 .debug_line    0x000000000000126b      0x869 Core/Src/gpio.o
 .debug_line    0x0000000000001ad4      0x8f5 Core/Src/main.o
 .debug_line    0x00000000000023c9      0x85e Core/Src/stm32f4xx_hal_msp.o
 .debug_line    0x0000000000002c27      0x978 Core/Src/stm32f4xx_it.o
 .debug_line    0x000000000000359f      0x6dc Core/Src/system_stm32f4xx.o
 .debug_line    0x0000000000003c7b      0x907 Core/Src/tim.o
 .debug_line    0x0000000000004582      0x895 Core/Src/usart.o
 .debug_line    0x0000000000004e17       0x85 Core/Startup/startup_stm32f407vgtx.o
 .debug_line    0x0000000000004e9c      0x8cb Core/ub_lib/stm32_ub_vga_screen.o
 .debug_line    0x0000000000005767      0x8c6 Drivers/STM32F4xx_HAL_Driver/Src/stm32f4xx_hal.o
 .debug_line    0x000000000000602d      0x9ea Drivers/STM32F4xx_HAL_Driver/Src/stm32f4xx_hal_cortex.o
 .debug_line    0x0000000000006a17      0x994 Drivers/STM32F4xx_HAL_Driver/Src/stm32f4xx_hal_dma.o
 .debug_line    0x00000000000073ab      0x8a5 Drivers/STM32F4xx_HAL_Driver/Src/stm32f4xx_hal_gpio.o
 .debug_line    0x0000000000007c50      0x91e Drivers/STM32F4xx_HAL_Driver/Src/stm32f4xx_hal_rcc.o
 .debug_line    0x000000000000856e     0x193f Drivers/STM32F4xx_HAL_Driver/Src/stm32f4xx_hal_tim.o
 .debug_line    0x0000000000009ead      0xcdc Drivers/STM32F4xx_HAL_Driver/Src/stm32f4xx_hal_tim_ex.o
 .debug_line    0x000000000000ab89      0xfd4 Drivers/STM32F4xx_HAL_Driver/Src/stm32f4xx_hal_uart.o

.debug_str      0x0000000000000000    0xc904f
 .debug_str     0x0000000000000000    0xc5734 Core/Src/FL.o
                                      0xc5a42 (size before relaxing)
 .debug_str     0x00000000000c5734      0x5f6 Core/Src/dma.o
                                      0xc5eef (size before relaxing)
 .debug_str     0x00000000000c5d2a       0xae Core/Src/gpio.o
                                      0xc5a8d (size before relaxing)
 .debug_str     0x00000000000c5dd8      0x6e4 Core/Src/main.o
                                      0xc6164 (size before relaxing)
 .debug_str     0x00000000000c64bc       0x2c Core/Src/stm32f4xx_hal_msp.o
                                      0xc5a06 (size before relaxing)
 .debug_str     0x00000000000c64e8      0x10e Core/Src/stm32f4xx_it.o
                                      0xc5ff9 (size before relaxing)
 .debug_str     0x00000000000c65f6       0xc4 Core/Src/system_stm32f4xx.o
                                      0xc1efd (size before relaxing)
 .debug_str     0x00000000000c66ba      0x1bf Core/Src/tim.o
                                      0xc6562 (size before relaxing)
 .debug_str     0x00000000000c6879       0x57 Core/Src/usart.o
                                      0xc63bb (size before relaxing)
 .debug_str     0x00000000000c68d0       0x36 Core/Startup/startup_stm32f407vgtx.o
                                         0x66 (size before relaxing)
 .debug_str     0x00000000000c6906       0x5a Core/ub_lib/stm32_ub_vga_screen.o
                                      0xc5da1 (size before relaxing)
 .debug_str     0x00000000000c6960      0x58d Drivers/STM32F4xx_HAL_Driver/Src/stm32f4xx_hal.o
                                      0xc29ca (size before relaxing)
 .debug_str     0x00000000000c6eed      0x399 Drivers/STM32F4xx_HAL_Driver/Src/stm32f4xx_hal_cortex.o
                                      0xc27b9 (size before relaxing)
 .debug_str     0x00000000000c7286      0x31d Drivers/STM32F4xx_HAL_Driver/Src/stm32f4xx_hal_dma.o
                                      0xc2312 (size before relaxing)
 .debug_str     0x00000000000c75a3      0x207 Drivers/STM32F4xx_HAL_Driver/Src/stm32f4xx_hal_gpio.o
                                      0xc213c (size before relaxing)
 .debug_str     0x00000000000c77aa      0x259 Drivers/STM32F4xx_HAL_Driver/Src/stm32f4xx_hal_rcc.o
                                      0xc22ea (size before relaxing)
 .debug_str     0x00000000000c7a03      0xc8e Drivers/STM32F4xx_HAL_Driver/Src/stm32f4xx_hal_tim.o
                                      0xc3009 (size before relaxing)
 .debug_str     0x00000000000c8691      0x4a2 Drivers/STM32F4xx_HAL_Driver/Src/stm32f4xx_hal_tim_ex.o
                                      0xc2809 (size before relaxing)
 .debug_str     0x00000000000c8b33      0x51c Drivers/STM32F4xx_HAL_Driver/Src/stm32f4xx_hal_uart.o
                                      0xc2749 (size before relaxing)

.comment        0x0000000000000000       0x7b
 .comment       0x0000000000000000       0x7b Core/Src/FL.o
                                         0x7c (size before relaxing)
 .comment       0x000000000000007b       0x7c Core/Src/dma.o
 .comment       0x000000000000007b       0x7c Core/Src/gpio.o
 .comment       0x000000000000007b       0x7c Core/Src/main.o
 .comment       0x000000000000007b       0x7c Core/Src/stm32f4xx_hal_msp.o
 .comment       0x000000000000007b       0x7c Core/Src/stm32f4xx_it.o
 .comment       0x000000000000007b       0x7c Core/Src/system_stm32f4xx.o
 .comment       0x000000000000007b       0x7c Core/Src/tim.o
 .comment       0x000000000000007b       0x7c Core/Src/usart.o
 .comment       0x000000000000007b       0x7c Core/ub_lib/stm32_ub_vga_screen.o
 .comment       0x000000000000007b       0x7c Drivers/STM32F4xx_HAL_Driver/Src/stm32f4xx_hal.o
 .comment       0x000000000000007b       0x7c Drivers/STM32F4xx_HAL_Driver/Src/stm32f4xx_hal_cortex.o
 .comment       0x000000000000007b       0x7c Drivers/STM32F4xx_HAL_Driver/Src/stm32f4xx_hal_dma.o
 .comment       0x000000000000007b       0x7c Drivers/STM32F4xx_HAL_Driver/Src/stm32f4xx_hal_gpio.o
 .comment       0x000000000000007b       0x7c Drivers/STM32F4xx_HAL_Driver/Src/stm32f4xx_hal_rcc.o
 .comment       0x000000000000007b       0x7c Drivers/STM32F4xx_HAL_Driver/Src/stm32f4xx_hal_tim.o
 .comment       0x000000000000007b       0x7c Drivers/STM32F4xx_HAL_Driver/Src/stm32f4xx_hal_tim_ex.o
 .comment       0x000000000000007b       0x7c Drivers/STM32F4xx_HAL_Driver/Src/stm32f4xx_hal_uart.o

.debug_frame    0x0000000000000000     0x34b4
 .debug_frame   0x0000000000000000       0xe8 Core/Src/FL.o
 .debug_frame   0x00000000000000e8       0x34 Core/Src/dma.o
 .debug_frame   0x000000000000011c       0x34 Core/Src/gpio.o
 .debug_frame   0x0000000000000150       0x9c Core/Src/main.o
 .debug_frame   0x00000000000001ec       0x38 Core/Src/stm32f4xx_hal_msp.o
 .debug_frame   0x0000000000000224      0x168 Core/Src/stm32f4xx_it.o
 .debug_frame   0x000000000000038c       0x58 Core/Src/system_stm32f4xx.o
 .debug_frame   0x00000000000003e4      0x10c Core/Src/tim.o
 .debug_frame   0x00000000000004f0       0x74 Core/Src/usart.o
 .debug_frame   0x0000000000000564       0x78 Core/ub_lib/stm32_ub_vga_screen.o
 .debug_frame   0x00000000000005dc      0x374 Drivers/STM32F4xx_HAL_Driver/Src/stm32f4xx_hal.o
 .debug_frame   0x0000000000000950      0x498 Drivers/STM32F4xx_HAL_Driver/Src/stm32f4xx_hal_cortex.o
 .debug_frame   0x0000000000000de8      0x250 Drivers/STM32F4xx_HAL_Driver/Src/stm32f4xx_hal_dma.o
 .debug_frame   0x0000000000001038      0x14c Drivers/STM32F4xx_HAL_Driver/Src/stm32f4xx_hal_gpio.o
 .debug_frame   0x0000000000001184      0x1f0 Drivers/STM32F4xx_HAL_Driver/Src/stm32f4xx_hal_rcc.o
 .debug_frame   0x0000000000001374     0x10f0 Drivers/STM32F4xx_HAL_Driver/Src/stm32f4xx_hal_tim.o
 .debug_frame   0x0000000000002464      0x5c0 Drivers/STM32F4xx_HAL_Driver/Src/stm32f4xx_hal_tim_ex.o
 .debug_frame   0x0000000000002a24      0x844 Drivers/STM32F4xx_HAL_Driver/Src/stm32f4xx_hal_uart.o
 .debug_frame   0x0000000000003268       0x30 c:/st/stm32cubeide_1.1.0/stm32cubeide/plugins/com.st.stm32cube.ide.mcu.externaltools.gnu-tools-for-stm32.7-2018-q2-update.win32_1.0.0.201904181610/tools/bin/../lib/gcc/arm-none-eabi/7.3.1/../../../../arm-none-eabi/lib/thumb/v7e-m/fpv4-sp/hard\libc_nano.a(lib_a-atoi.o)
 .debug_frame   0x0000000000003298       0x2c c:/st/stm32cubeide_1.1.0/stm32cubeide/plugins/com.st.stm32cube.ide.mcu.externaltools.gnu-tools-for-stm32.7-2018-q2-update.win32_1.0.0.201904181610/tools/bin/../lib/gcc/arm-none-eabi/7.3.1/../../../../arm-none-eabi/lib/thumb/v7e-m/fpv4-sp/hard\libc_nano.a(lib_a-init.o)
 .debug_frame   0x00000000000032c4       0x20 c:/st/stm32cubeide_1.1.0/stm32cubeide/plugins/com.st.stm32cube.ide.mcu.externaltools.gnu-tools-for-stm32.7-2018-q2-update.win32_1.0.0.201904181610/tools/bin/../lib/gcc/arm-none-eabi/7.3.1/../../../../arm-none-eabi/lib/thumb/v7e-m/fpv4-sp/hard\libc_nano.a(lib_a-memset.o)
 .debug_frame   0x00000000000032e4       0x84 c:/st/stm32cubeide_1.1.0/stm32cubeide/plugins/com.st.stm32cube.ide.mcu.externaltools.gnu-tools-for-stm32.7-2018-q2-update.win32_1.0.0.201904181610/tools/bin/../lib/gcc/arm-none-eabi/7.3.1/../../../../arm-none-eabi/lib/thumb/v7e-m/fpv4-sp/hard\libc_nano.a(lib_a-strtol.o)
 .debug_frame   0x0000000000003368       0x68 c:/st/stm32cubeide_1.1.0/stm32cubeide/plugins/com.st.stm32cube.ide.mcu.externaltools.gnu-tools-for-stm32.7-2018-q2-update.win32_1.0.0.201904181610/tools/bin/../lib/gcc/arm-none-eabi/7.3.1/../../../../arm-none-eabi/lib/thumb/v7e-m/fpv4-sp/hard\libc_nano.a(lib_a-locale.o)
 .debug_frame   0x00000000000033d0       0x48 c:/st/stm32cubeide_1.1.0/stm32cubeide/plugins/com.st.stm32cube.ide.mcu.externaltools.gnu-tools-for-stm32.7-2018-q2-update.win32_1.0.0.201904181610/tools/bin/../lib/gcc/arm-none-eabi/7.3.1/../../../../arm-none-eabi/lib/thumb/v7e-m/fpv4-sp/hard\libc_nano.a(lib_a-mbtowc_r.o)
 .debug_frame   0x0000000000003418       0x3c c:/st/stm32cubeide_1.1.0/stm32cubeide/plugins/com.st.stm32cube.ide.mcu.externaltools.gnu-tools-for-stm32.7-2018-q2-update.win32_1.0.0.201904181610/tools/bin/../lib/gcc/arm-none-eabi/7.3.1/../../../../arm-none-eabi/lib/thumb/v7e-m/fpv4-sp/hard\libc_nano.a(lib_a-wctomb_r.o)
 .debug_frame   0x0000000000003454       0x2c c:/st/stm32cubeide_1.1.0/stm32cubeide/plugins/com.st.stm32cube.ide.mcu.externaltools.gnu-tools-for-stm32.7-2018-q2-update.win32_1.0.0.201904181610/tools/bin/../lib/gcc/arm-none-eabi/7.3.1/thumb/v7e-m/fpv4-sp/hard\libgcc.a(_aeabi_uldivmod.o)
 .debug_frame   0x0000000000003480       0x34 c:/st/stm32cubeide_1.1.0/stm32cubeide/plugins/com.st.stm32cube.ide.mcu.externaltools.gnu-tools-for-stm32.7-2018-q2-update.win32_1.0.0.201904181610/tools/bin/../lib/gcc/arm-none-eabi/7.3.1/thumb/v7e-m/fpv4-sp/hard\libgcc.a(_udivmoddi4.o)
